Archive member included to satisfy reference by file (symbol)

C:/nxp/MCUXpressoIDE_24.12.148/ide/plugins/com.nxp.mcuxpresso.tools.win32_24.12.0.202407110909/tools/bin/../lib/gcc/arm-none-eabi/13.2.1/../../../../arm-none-eabi/lib/thumb/v8-m.main/nofp\libcr_semihost_nf.a(_cr__main.o)
                              ./startup/startup_mcxa153.o (__main)
C:/nxp/MCUXpressoIDE_24.12.148/ide/plugins/com.nxp.mcuxpresso.tools.win32_24.12.0.202407110909/tools/bin/../lib/gcc/arm-none-eabi/13.2.1/../../../../arm-none-eabi/lib/thumb/v8-m.main/nofp\libcr_c.a(memcpy.o)
                              ./source/utils/sdCard/FatFs/ff.o (memcpy)
C:/nxp/MCUXpressoIDE_24.12.148/ide/plugins/com.nxp.mcuxpresso.tools.win32_24.12.0.202407110909/tools/bin/../lib/gcc/arm-none-eabi/13.2.1/../../../../arm-none-eabi/lib/thumb/v8-m.main/nofp\libcr_c.a(memset.o)
                              ./source/utils/temperatureSensor/lm35d_polling.o (memset)
C:/nxp/MCUXpressoIDE_24.12.148/ide/plugins/com.nxp.mcuxpresso.tools.win32_24.12.0.202407110909/tools/bin/../lib/gcc/arm-none-eabi/13.2.1/../../../../arm-none-eabi/lib/thumb/v8-m.main/nofp\libcr_c.a(atan2.o)
                              ./source/games/gpsGame/gpsGame.o (atan2)
C:/nxp/MCUXpressoIDE_24.12.148/ide/plugins/com.nxp.mcuxpresso.tools.win32_24.12.0.202407110909/tools/bin/../lib/gcc/arm-none-eabi/13.2.1/../../../../arm-none-eabi/lib/thumb/v8-m.main/nofp\libcr_c.a(cos.o)
                              ./source/games/gpsGame/gpsGame.o (cos)
C:/nxp/MCUXpressoIDE_24.12.148/ide/plugins/com.nxp.mcuxpresso.tools.win32_24.12.0.202407110909/tools/bin/../lib/gcc/arm-none-eabi/13.2.1/../../../../arm-none-eabi/lib/thumb/v8-m.main/nofp\libcr_c.a(errno.o)
                              C:/nxp/MCUXpressoIDE_24.12.148/ide/plugins/com.nxp.mcuxpresso.tools.win32_24.12.0.202407110909/tools/bin/../lib/gcc/arm-none-eabi/13.2.1/../../../../arm-none-eabi/lib/thumb/v8-m.main/nofp\libcr_c.a(atan2.o) (errno)
C:/nxp/MCUXpressoIDE_24.12.148/ide/plugins/com.nxp.mcuxpresso.tools.win32_24.12.0.202407110909/tools/bin/../lib/gcc/arm-none-eabi/13.2.1/../../../../arm-none-eabi/lib/thumb/v8-m.main/nofp\libcr_c.a(fabs.o)
                              C:/nxp/MCUXpressoIDE_24.12.148/ide/plugins/com.nxp.mcuxpresso.tools.win32_24.12.0.202407110909/tools/bin/../lib/gcc/arm-none-eabi/13.2.1/../../../../arm-none-eabi/lib/thumb/v8-m.main/nofp\libcr_c.a(atan2.o) (fabs)
C:/nxp/MCUXpressoIDE_24.12.148/ide/plugins/com.nxp.mcuxpresso.tools.win32_24.12.0.202407110909/tools/bin/../lib/gcc/arm-none-eabi/13.2.1/../../../../arm-none-eabi/lib/thumb/v8-m.main/nofp\libcr_c.a(fpprintf.o)
                              ./source/utils/flag.o (sprintf)
C:/nxp/MCUXpressoIDE_24.12.148/ide/plugins/com.nxp.mcuxpresso.tools.win32_24.12.0.202407110909/tools/bin/../lib/gcc/arm-none-eabi/13.2.1/../../../../arm-none-eabi/lib/thumb/v8-m.main/nofp\libcr_c.a(initio.o)
                              C:/nxp/MCUXpressoIDE_24.12.148/ide/plugins/com.nxp.mcuxpresso.tools.win32_24.12.0.202407110909/tools/bin/../lib/gcc/arm-none-eabi/13.2.1/../../../../arm-none-eabi/lib/thumb/v8-m.main/nofp\libcr_semihost_nf.a(_cr__main.o) (_initio)
C:/nxp/MCUXpressoIDE_24.12.148/ide/plugins/com.nxp.mcuxpresso.tools.win32_24.12.0.202407110909/tools/bin/../lib/gcc/arm-none-eabi/13.2.1/../../../../arm-none-eabi/lib/thumb/v8-m.main/nofp\libcr_c.a(memcmp.o)
                              ./source/utils/sdCard/FatFs/ff.o (memcmp)
C:/nxp/MCUXpressoIDE_24.12.148/ide/plugins/com.nxp.mcuxpresso.tools.win32_24.12.0.202407110909/tools/bin/../lib/gcc/arm-none-eabi/13.2.1/../../../../arm-none-eabi/lib/thumb/v8-m.main/nofp\libcr_c.a(printf.o)
                              C:/nxp/MCUXpressoIDE_24.12.148/ide/plugins/com.nxp.mcuxpresso.tools.win32_24.12.0.202407110909/tools/bin/../lib/gcc/arm-none-eabi/13.2.1/../../../../arm-none-eabi/lib/thumb/v8-m.main/nofp\libcr_c.a(fpprintf.o) (__vfprintf)
C:/nxp/MCUXpressoIDE_24.12.148/ide/plugins/com.nxp.mcuxpresso.tools.win32_24.12.0.202407110909/tools/bin/../lib/gcc/arm-none-eabi/13.2.1/../../../../arm-none-eabi/lib/thumb/v8-m.main/nofp\libcr_c.a(scanf.o)
                              ./source/utils/sdCard/sdCard.o (atof)
C:/nxp/MCUXpressoIDE_24.12.148/ide/plugins/com.nxp.mcuxpresso.tools.win32_24.12.0.202407110909/tools/bin/../lib/gcc/arm-none-eabi/13.2.1/../../../../arm-none-eabi/lib/thumb/v8-m.main/nofp\libcr_c.a(setvbuf.o)
                              C:/nxp/MCUXpressoIDE_24.12.148/ide/plugins/com.nxp.mcuxpresso.tools.win32_24.12.0.202407110909/tools/bin/../lib/gcc/arm-none-eabi/13.2.1/../../../../arm-none-eabi/lib/thumb/v8-m.main/nofp\libcr_c.a(initio.o) (setvbuf)
C:/nxp/MCUXpressoIDE_24.12.148/ide/plugins/com.nxp.mcuxpresso.tools.win32_24.12.0.202407110909/tools/bin/../lib/gcc/arm-none-eabi/13.2.1/../../../../arm-none-eabi/lib/thumb/v8-m.main/nofp\libcr_c.a(sin.o)
                              ./source/games/gpsGame/gpsGame.o (sin)
[...]
Memory Configuration

Name             Origin             Length             Attributes
PROGRAM_FLASH    0x00000000         0x00020000         xr
SRAM             0x20000000         0x00006000         xrw
SRAMX0           0x04000000         0x00002000         xrw
SRAMX1           0x04002000         0x00001000         xrw
*default*        0x00000000         0xffffffff

Linker script and memory map

LOAD ./startup/startup_mcxa153.o
LOAD ./source/utils/temperatureSensor/lm35d_polling.o
LOAD ./source/utils/solenoid/solenoid.o
LOAD ./source/utils/sdCard/FatFs/ff.o
LOAD ./source/utils/sdCard/FatFs/sdmm.o
LOAD ./source/utils/sdCard/sdCard.o
LOAD ./source/utils/lcdScreen/lcd.o
LOAD ./source/utils/joystick/delay.o
LOAD ./source/utils/joystick/joystick.o
LOAD ./source/utils/gps/gps.o
LOAD ./source/utils/comProtocols/Lpuart/lpuart0_interrupt.o
LOAD ./source/utils/comProtocols/Lpuart/lpuart2_interrupt.o
LOAD ./source/utils/comProtocols/Lpuart/retarget.o
LOAD ./source/utils/comProtocols/Lpi2c/lpi2c0_controller_interrupt.o
LOAD ./source/utils/comProtocols/GPIO/gpio_input.o
LOAD ./source/utils/comProtocols/GPIO/gpio_output.o
LOAD ./source/utils/comProtocols/fifo.o
LOAD ./source/utils/comProtocols/fifo16.o
LOAD ./source/utils/colourSensor/color_classifier.o
LOAD ./source/utils/colourSensor/tcs34725_polling.o
LOAD ./source/utils/flag.o
LOAD ./source/utils/timer.o
LOAD ./source/games/levelTwo/levelTwo.o
LOAD ./source/games/levelThree/levelThree.o
LOAD ./source/games/levelOne/delay.o
LOAD ./source/games/levelOne/levelOne.o
LOAD ./source/games/levelFour/delay.o
LOAD ./source/games/levelFour/levelFour.o
LOAD ./source/games/gpsGame/gpsGame.o
LOAD ./source/main.o
LOAD ./source/semihost_hardfault.o
LOAD ./device/system_MCXA153.o
START GROUP
LOAD C:/nxp/MCUXpressoIDE_24.12.148/ide/plugins/com.nxp.mcuxpresso.tools.win32_24.12.0.202407110909/tools/bin/../lib/gcc/arm-none-eabi/13.2.1/../../../../arm-none-eabi/lib/thumb/v8-m.main/nofp\libcr_semihost_nf.a
LOAD C:/nxp/MCUXpressoIDE_24.12.148/ide/plugins/com.nxp.mcuxpresso.tools.win32_24.12.0.202407110909/tools/bin/../lib/gcc/arm-none-eabi/13.2.1/../../../../arm-none-eabi/lib/thumb/v8-m.main/nofp\libcr_c.a
LOAD C:/nxp/MCUXpressoIDE_24.12.148/ide/plugins/com.nxp.mcuxpresso.tools.win32_24.12.0.202407110909/tools/bin/../lib/gcc/arm-none-eabi/13.2.1/thumb/v8-m.main/nofp\libcr_eabihelpers.a
LOAD C:/nxp/MCUXpressoIDE_24.12.148/ide/plugins/com.nxp.mcuxpresso.tools.win32_24.12.0.202407110909/tools/bin/../lib/gcc/arm-none-eabi/13.2.1/thumb/v8-m.main/nofp\libgcc.a
END GROUP
                0x00000000                        __base_PROGRAM_FLASH = 0x0
                0x00000000                        __base_Flash = 0x0
                0x00020000                        __top_PROGRAM_FLASH = 0x20000
                0x00020000                        __top_Flash = 0x20000
                0x20000000                        __base_SRAM = 0x20000000
                0x20000000                        __base_RAM = 0x20000000
                0x20006000                        __top_SRAM = 0x20006000
                0x20006000                        __top_RAM = 0x20006000
                0x04000000                        __base_SRAMX0 = 0x4000000
                0x04000000                        __base_RAM2 = 0x4000000
                0x04002000                        __top_SRAMX0 = 0x4002000
                0x04002000                        __top_RAM2 = 0x4002000
                0x04002000                        __base_SRAMX1 = 0x4002000
                0x04002000                        __base_RAM3 = 0x4002000
                0x04003000                        __top_SRAMX1 = 0x4003000
                0x04003000                        __top_RAM3 = 0x4003000

.text           0x00000000     0xc590
 FILL mask 0xff
                0x00000000                        __vectors_start__ = ABSOLUTE (.)
 *(SORT_BY_ALIGNMENT(.isr_vector))
 .isr_vector    0x00000000      0x16c ./startup/startup_mcxa153.o
                0x00000000                g_pfnVectors
                0x00000000                __Vectors
                0x0000016c                        . = ALIGN (0x4)
                0x0000016c                        __section_table_start = .
                0x0000016c                        __data_section_table = .
                0x0000016c        0x4 LONG 0xc590 LOADADDR (.data)
                0x00000170        0x4 LONG 0x20000000 ADDR (.data)
                0x00000174        0x4 LONG 0x1f4 SIZEOF (.data)
                0x00000178        0x4 LONG 0xc590 LOADADDR (.data_RAM2)
                0x0000017c        0x4 LONG 0x4000000 ADDR (.data_RAM2)
                0x00000180        0x4 LONG 0x0 SIZEOF (.data_RAM2)
                0x00000184        0x4 LONG 0xc590 LOADADDR (.data_RAM3)
                0x00000188        0x4 LONG 0x4002000 ADDR (.data_RAM3)
                0x0000018c        0x4 LONG 0x0 SIZEOF (.data_RAM3)
                0x00000190                        __data_section_table_end = .
                0x00000190                        __bss_section_table = .
                0x00000190        0x4 LONG 0x200001f4 ADDR (.bss)
                0x00000194        0x4 LONG 0x750 SIZEOF (.bss)
                0x00000198        0x4 LONG 0x4000000 ADDR (.bss_RAM2)
                0x0000019c        0x4 LONG 0x0 SIZEOF (.bss_RAM2)
                0x000001a0        0x4 LONG 0x4002000 ADDR (.bss_RAM3)
                0x000001a4        0x4 LONG 0x0 SIZEOF (.bss_RAM3)
                0x000001a8                        __bss_section_table_end = .
                0x000001a8                        __section_table_end = .
 *(SORT_BY_ALIGNMENT(.after_vectors*))
 .after_vectors.reset
                0x000001a8       0x68 ./startup/startup_mcxa153.o
                0x000001a8                ResetISR
 .after_vectors.init_data
                0x00000210       0x1c ./startup/startup_mcxa153.o
                0x00000210                data_init
 .after_vectors.init_bss
                0x0000022c       0x12 ./startup/startup_mcxa153.o
                0x0000022c                bss_init
 .after_vectors
                0x0000023e       0x16 ./startup/startup_mcxa153.o
                0x0000023e                NMI_Handler
                0x00000242                MemManage_Handler
                0x00000244                BusFault_Handler
                0x00000246                UsageFault_Handler
                0x00000248                SecureFault_Handler
                0x0000024a                SVC_Handler
                0x0000024c                DebugMon_Handler
                0x0000024e                PendSV_Handler
                0x00000252                LPTMR0_DriverIRQHandler
                0x00000252                FLEXPWM0_SUBMODULE1_DriverIRQHandler
                0x00000252                MBC0_DriverIRQHandler
                0x00000252                WAKETIMER0_DriverIRQHandler
                0x00000252                I3C0_DriverIRQHandler
                0x00000252                LPI2C0_DriverIRQHandler
                0x00000252                FLEXPWM0_RELOAD_ERROR_DriverIRQHandler
                0x00000252                QDC0_HOME_DriverIRQHandler
                0x00000252                Reserved82_DriverIRQHandler
                0x00000252                QDC0_WATCHDOG_DriverIRQHandler
                0x00000252                ERM0_MULTI_BIT_DriverIRQHandler
                0x00000252                Reserved36_DriverIRQHandler
                0x00000252                CTIMER2_DriverIRQHandler
                0x00000252                Reserved33_DriverIRQHandler
                0x00000252                CMP1_DriverIRQHandler
                0x00000252                IntDefaultHandler
                0x00000252                USB0_DriverIRQHandler
                0x00000252                QDC0_INDEX_DriverIRQHandler
                0x00000252                UTICK0_DriverIRQHandler
                0x00000252                Reserved41_DriverIRQHandler
                0x00000252                FLEXPWM0_SUBMODULE2_DriverIRQHandler
                0x00000252                Reserved39_DriverIRQHandler
                0x00000252                WWDT0_DriverIRQHandler
                0x00000252                Reserved84_DriverIRQHandler
                0x00000252                FLEXPWM0_FAULT_DriverIRQHandler
                0x00000252                GPIO0_DriverIRQHandler
                0x00000252                Reserved38_DriverIRQHandler
                0x00000252                FREQME0_DriverIRQHandler
                0x00000252                Reserved22_DriverIRQHandler
                0x00000252                Reserved53_DriverIRQHandler
                0x00000252                Reserved35_DriverIRQHandler
                0x00000252                CTIMER0_DriverIRQHandler
                0x00000252                Reserved79_DriverIRQHandler
                0x00000252                Reserved24_DriverIRQHandler
                0x00000252                CTIMER1_DriverIRQHandler
                0x00000252                QDC0_COMPARE_DriverIRQHandler
                0x00000252                LPUART1_DriverIRQHandler
                0x00000252                WUU0_DriverIRQHandler
                0x00000252                LPSPI0_DriverIRQHandler
                0x00000252                DMA_CH3_DriverIRQHandler
                0x00000252                Reserved83_DriverIRQHandler
                0x00000252                Reserved72_DriverIRQHandler
                0x00000252                Reserved23_DriverIRQHandler
                0x00000252                Reserved65_DriverIRQHandler
                0x00000252                ERM0_SINGLE_BIT_DriverIRQHandler
                0x00000252                DMA_CH2_DriverIRQHandler
                0x00000252                CMC_DriverIRQHandler
                0x00000252                Reserved51_DriverIRQHandler
                0x00000252                Reserved25_DriverIRQHandler
                0x00000252                LPUART2_DriverIRQHandler
                0x00000252                FMU0_DriverIRQHandler
                0x00000252                LPSPI1_DriverIRQHandler
                0x00000252                Reserved77_DriverIRQHandler
                0x00000252                Reserved16_DriverIRQHandler
                0x00000252                LPUART0_DriverIRQHandler
                0x00000252                GPIO2_DriverIRQHandler
                0x00000252                Reserved85_DriverIRQHandler
                0x00000252                ADC0_DriverIRQHandler
                0x00000252                CMP0_DriverIRQHandler
                0x00000252                CDOG0_DriverIRQHandler
                0x00000252                Reserved59_DriverIRQHandler
                0x00000252                DMA_CH0_DriverIRQHandler
                0x00000252                Reserved58_DriverIRQHandler
                0x00000252                DMA_CH1_DriverIRQHandler
                0x00000252                SPC0_DriverIRQHandler
                0x00000252                GLIKEY0_DriverIRQHandler
                0x00000252                Reserved43_DriverIRQHandler
                0x00000252                Reserved46_DriverIRQHandler
                0x00000252                Reserved37_DriverIRQHandler
                0x00000252                Reserved86_DriverIRQHandler
                0x00000252                GPIO1_DriverIRQHandler
                0x00000252                FLEXPWM0_SUBMODULE0_DriverIRQHandler
                0x00000252                Reserved50_DriverIRQHandler
                0x00000252                OS_EVENT_DriverIRQHandler
                0x00000252                SCG0_DriverIRQHandler
                0x00000252                GPIO3_DriverIRQHandler
 *(SORT_BY_ALIGNMENT(.text*))
 *fill*         0x00000254        0x4 ff
 .text.ilog10   0x00000258       0xf8 ./source/utils/sdCard/FatFs/ff.o
 .text.i10x     0x00000350       0xc8 ./source/utils/sdCard/FatFs/ff.o
 .text.atan2    0x00000418      0x110 C:/nxp/MCUXpressoIDE_24.12.148/ide/plugins/com.nxp.mcuxpresso.tools.win32_24.12.0.202407110909/tools/bin/../lib/gcc/arm-none-eabi/13.2.1/../../../../arm-none-eabi/lib/thumb/v8-m.main/nofp\libcr_c.a(atan2.o)
                0x00000418                atan2
 .text.cos      0x00000528       0x60 C:/nxp/MCUXpressoIDE_24.12.148/ide/plugins/com.nxp.mcuxpresso.tools.win32_24.12.0.202407110909/tools/bin/../lib/gcc/arm-none-eabi/13.2.1/../../../../arm-none-eabi/lib/thumb/v8-m.main/nofp\libcr_c.a(cos.o)
                0x00000528                cos
 .text.fp_display
                0x00000588      0x9ac C:/nxp/MCUXpressoIDE_24.12.148/ide/plugins/com.nxp.mcuxpresso.tools.win32_24.12.0.202407110909/tools/bin/../lib/gcc/arm-none-eabi/13.2.1/../../../../arm-none-eabi/lib/thumb/v8-m.main/nofp\libcr_c.a(fpprintf.o)
 *fill*         0x00000f34        0x4 ff
 .text.vfscanf  0x00000f38      0x900 C:/nxp/MCUXpressoIDE_24.12.148/ide/plugins/com.nxp.mcuxpresso.tools.win32_24.12.0.202407110909/tools/bin/../lib/gcc/arm-none-eabi/13.2.1/../../../../arm-none-eabi/lib/thumb/v8-m.main/nofp\libcr_c.a(scanf.o)
                0x00000f38                vfscanf
 .text.sqrt     0x00001838      0x10c C:/nxp/MCUXpressoIDE_24.12.148/ide/plugins/com.nxp.mcuxpresso.tools.win32_24.12.0.202407110909/tools/bin/../lib/gcc/arm-none-eabi/13.2.1/../../../../arm-none-eabi/lib/thumb/v8-m.main/nofp\libcr_c.a(sqrt.o)
                0x00001838                sqrt
 *fill*         0x00001944        0x4 ff
 .text._sincos  0x00001948      0x1fc C:/nxp/MCUXpressoIDE_24.12.148/ide/plugins/com.nxp.mcuxpresso.tools.win32_24.12.0.202407110909/tools/bin/../lib/gcc/arm-none-eabi/13.2.1/../../../../arm-none-eabi/lib/thumb/v8-m.main/nofp\libcr_c.a(_sincos.o)
                0x00001948                _sincos
 *fill*         0x00001b44        0x4 ff
 .text.atan     0x00001b48      0x214 C:/nxp/MCUXpressoIDE_24.12.148/ide/plugins/com.nxp.mcuxpresso.tools.win32_24.12.0.202407110909/tools/bin/../lib/gcc/arm-none-eabi/13.2.1/../../../../arm-none-eabi/lib/thumb/v8-m.main/nofp\libcr_c.a(atan.o)
                0x00001b48                atan
 .text.lm35d_init
                0x00001d5c      0x1e8 ./source/utils/temperatureSensor/lm35d_polling.o
                0x00001d5c                lm35d_init
 .text.adc0_sample_channel_08
                0x00001f44       0x34 ./source/utils/temperatureSensor/lm35d_polling.o
                0x00001f44                adc0_sample_channel_08
 .text.lm35d_get_temperature
                0x00001f78       0x68 ./source/utils/temperatureSensor/lm35d_polling.o
                0x00001f78                lm35d_get_temperature
 .text.openLock
                0x00001fe0       0x1c ./source/utils/solenoid/solenoid.o
                0x00001fe0                openLock
 .text.closeLock
                0x00001ffc       0x1c ./source/utils/solenoid/solenoid.o
                0x00001ffc                closeLock
 .text.sync_fs  0x00002018       0xe0 ./source/utils/sdCard/FatFs/ff.o
 .text.create_name
                0x000020f8      0x20c ./source/utils/sdCard/FatFs/ff.o
 .text.get_ldnumber
                0x00002304       0x88 ./source/utils/sdCard/FatFs/ff.o
 .text.check_fs
                0x0000238c      0x148 ./source/utils/sdCard/FatFs/ff.o
 .text.mount_volume
                0x000024d4      0x3fc ./source/utils/sdCard/FatFs/ff.o
 .text.f_mount  0x000028d0       0x94 ./source/utils/sdCard/FatFs/ff.o
                0x000028d0                f_mount
 .text.f_open   0x00002964      0x2e0 ./source/utils/sdCard/FatFs/ff.o
                0x00002964                f_open
 .text.f_sync   0x00002c44       0xc8 ./source/utils/sdCard/FatFs/ff.o
                0x00002c44                f_sync
 .text.ftoa     0x00002d0c      0x310 ./source/utils/sdCard/FatFs/ff.o
 .text.f_printf
                0x0000301c      0x704 ./source/utils/sdCard/FatFs/ff.o
                0x0000301c                f_printf
 .text.xmit_mmc
                0x00003720      0x210 ./source/utils/sdCard/FatFs/sdmm.o
 .text.rcvr_mmc
                0x00003930      0x1bc ./source/utils/sdCard/FatFs/sdmm.o
 .text.deselect
                0x00003aec       0x28 ./source/utils/sdCard/FatFs/sdmm.o
 .text.select   0x00003b14       0x3c ./source/utils/sdCard/FatFs/sdmm.o
 .text.disk_status
                0x00003b50       0x28 ./source/utils/sdCard/FatFs/sdmm.o
                0x00003b50                disk_status
 .text.disk_initialize
                0x00003b78      0x224 ./source/utils/sdCard/FatFs/sdmm.o
                0x00003b78                disk_initialize
 .text.disk_read
                0x00003d9c       0xac ./source/utils/sdCard/FatFs/sdmm.o
                0x00003d9c                disk_read
 .text.disk_write
                0x00003e48       0xdc ./source/utils/sdCard/FatFs/sdmm.o
                0x00003e48                disk_write
 .text.sdInit   0x00003f24       0x4c ./source/utils/sdCard/sdCard.o
                0x00003f24                sdInit
 .text.sdWrite  0x00003f70       0x80 ./source/utils/sdCard/sdCard.o
                0x00003f70                sdWrite
 .text.sdSettings
                0x00003ff0       0x88 ./source/utils/sdCard/sdCard.o
                0x00003ff0                sdSettings
 .text.sdReadSettings
                0x00004078      0x154 ./source/utils/sdCard/sdCard.o
                0x00004078                sdReadSettings
 .text.sdLog    0x000041cc       0xa8 ./source/utils/sdCard/sdCard.o
                0x000041cc                sdLog
 .text.sdRead   0x00004274       0xe0 ./source/utils/sdCard/sdCard.o
                0x00004274                sdRead
 .text.sdReadLogs
                0x00004354       0x14 ./source/utils/sdCard/sdCard.o
                0x00004354                sdReadLogs
 .text.sdBufWrite
                0x00004368       0x5c ./source/utils/sdCard/sdCard.o
                0x00004368                sdBufWrite
 .text.i2c_send
                0x000043c4       0x30 ./source/utils/lcdScreen/lcd.o
 .text.__NVIC_EnableIRQ
                0x000043f4       0x38 ./source/utils/joystick/joystick.o
 .text.__NVIC_ClearPendingIRQ
                0x0000442c       0x3c ./source/utils/joystick/joystick.o
 .text.__NVIC_SetPriority
                0x00004468       0x54 ./source/utils/joystick/joystick.o
 .text.joystick_init
                0x000044bc      0x120 ./source/utils/joystick/joystick.o
                0x000044bc                joystick_init
 .text.GPIO1_IRQHandler
                0x000045dc       0x38 ./source/utils/joystick/joystick.o
                0x000045dc                GPIO1_IRQHandler
 .text.joystick_sw
                0x00004614       0x2c ./source/utils/joystick/joystick.o
                0x00004614                joystick_sw
 .text.joystick_vrx
                0x00004640       0xa4 ./source/utils/joystick/joystick.o
                0x00004640                joystick_vrx
 .text.joystick_vry
                0x000046e4       0xa4 ./source/utils/joystick/joystick.o
                0x000046e4                joystick_vry
 .text.gpsInit  0x00004788       0x60 ./source/utils/gps/gps.o
                0x00004788                gpsInit
 .text.updatePosition
                0x000047e8       0x88 ./source/utils/gps/gps.o
                0x000047e8                updatePosition
 .text.parseNMEA
                0x00004870      0x128 ./source/utils/gps/gps.o
                0x00004870                parseNMEA
 .text.convertToDecimal
                0x00004998       0x98 ./source/utils/gps/gps.o
                0x00004998                convertToDecimal
 .text.getPosition
                0x00004a30       0x14 ./source/utils/gps/gps.o
                0x00004a30                getPosition
 .text.getTarget
                0x00004a44       0x14 ./source/utils/gps/gps.o
                0x00004a44                getTarget
 .text.getFix   0x00004a58       0x14 ./source/utils/gps/gps.o
                0x00004a58                getFix
 .text.__NVIC_EnableIRQ
                0x00004a6c       0x38 ./source/utils/comProtocols/Lpuart/lpuart0_interrupt.o
 .text.__NVIC_ClearPendingIRQ
                0x00004aa4       0x3c ./source/utils/comProtocols/Lpuart/lpuart0_interrupt.o
 .text.__NVIC_SetPriority
                0x00004ae0       0x54 ./source/utils/comProtocols/Lpuart/lpuart0_interrupt.o
 .text.lpuart0_init
                0x00004b34       0xc4 ./source/utils/comProtocols/Lpuart/lpuart0_interrupt.o
                0x00004b34                lpuart0_init
 .text.lpuart0_putchar
                0x00004bf8       0x40 ./source/utils/comProtocols/Lpuart/lpuart0_interrupt.o
                0x00004bf8                lpuart0_putchar
 .text.lpuart0_getchar
                0x00004c38       0x30 ./source/utils/comProtocols/Lpuart/lpuart0_interrupt.o
                0x00004c38                lpuart0_getchar
 .text.flushFifo
                0x00004c68       0x2c ./source/utils/comProtocols/Lpuart/lpuart0_interrupt.o
                0x00004c68                flushFifo
 .text.LPUART0_IRQHandler
                0x00004c94       0x80 ./source/utils/comProtocols/Lpuart/lpuart0_interrupt.o
                0x00004c94                LPUART0_IRQHandler
 .text.__NVIC_EnableIRQ
                0x00004d14       0x38 ./source/utils/comProtocols/Lpuart/lpuart2_interrupt.o
 .text.__NVIC_ClearPendingIRQ
                0x00004d4c       0x3c ./source/utils/comProtocols/Lpuart/lpuart2_interrupt.o
 .text.__NVIC_SetPriority
                0x00004d88       0x54 ./source/utils/comProtocols/Lpuart/lpuart2_interrupt.o
 .text.lpuart2_init
                0x00004ddc       0xc0 ./source/utils/comProtocols/Lpuart/lpuart2_interrupt.o
                0x00004ddc                lpuart2_init
 .text.lpuart2_getchar
                0x00004e9c       0x30 ./source/utils/comProtocols/Lpuart/lpuart2_interrupt.o
                0x00004e9c                lpuart2_getchar
 .text.lpuart2_rxcnt
                0x00004ecc       0x14 ./source/utils/comProtocols/Lpuart/lpuart2_interrupt.o
                0x00004ecc                lpuart2_rxcnt
 .text.enableLpuart2
                0x00004ee0       0x1c ./source/utils/comProtocols/Lpuart/lpuart2_interrupt.o
                0x00004ee0                enableLpuart2
 .text.disableLpuart2
                0x00004efc       0x1c ./source/utils/comProtocols/Lpuart/lpuart2_interrupt.o
                0x00004efc                disableLpuart2
 .text.LPUART2_IRQHandler
                0x00004f18       0xa0 ./source/utils/comProtocols/Lpuart/lpuart2_interrupt.o
                0x00004f18                LPUART2_IRQHandler
 .text.__NVIC_EnableIRQ
                0x00004fb8       0x38 ./source/utils/comProtocols/Lpi2c/lpi2c0_controller_interrupt.o
 .text.__NVIC_ClearPendingIRQ
                0x00004ff0       0x3c ./source/utils/comProtocols/Lpi2c/lpi2c0_controller_interrupt.o
 .text.__NVIC_SetPriority
                0x0000502c       0x54 ./source/utils/comProtocols/Lpi2c/lpi2c0_controller_interrupt.o
 .text.lpi2c0_controller_init
                0x00005080       0xcc ./source/utils/comProtocols/Lpi2c/lpi2c0_controller_interrupt.o
                0x00005080                lpi2c0_controller_init
 .text.lpi2c0_wait_busy
                0x0000514c       0x20 ./source/utils/comProtocols/Lpi2c/lpi2c0_controller_interrupt.o
                0x0000514c                lpi2c0_wait_busy
 .text.lpi2c0_txfifo_full
                0x0000516c       0x2c ./source/utils/comProtocols/Lpi2c/lpi2c0_controller_interrupt.o
                0x0000516c                lpi2c0_txfifo_full
 .text.lpi2c0_rxfifo_empty
                0x00005198       0x2c ./source/utils/comProtocols/Lpi2c/lpi2c0_controller_interrupt.o
                0x00005198                lpi2c0_rxfifo_empty
 .text.LPI2C0_IRQHandler
                0x000051c4       0xa8 ./source/utils/comProtocols/Lpi2c/lpi2c0_controller_interrupt.o
                0x000051c4                LPI2C0_IRQHandler
 .text.gpio_input_init
                0x0000526c       0x94 ./source/utils/comProtocols/GPIO/gpio_input.o
                0x0000526c                gpio_input_init
 .text.checkPin
                0x00005300       0x88 ./source/utils/comProtocols/GPIO/gpio_input.o
                0x00005300                checkPin
 .text.gpio_output_init
                0x00005388       0xcc ./source/utils/comProtocols/GPIO/gpio_output.o
                0x00005388                gpio_output_init
 .text.rgbToHsl
                0x00005454      0x1b4 ./source/utils/colourSensor/color_classifier.o
                0x00005454                rgbToHsl
 .text.classifyColor
                0x00005608       0xf0 ./source/utils/colourSensor/color_classifier.o
                0x00005608                classifyColor
 .text.getColor
                0x000056f8       0x4c ./source/utils/colourSensor/color_classifier.o
                0x000056f8                getColor
 .text.tcs34725_write_register
                0x00005744       0x90 ./source/utils/colourSensor/tcs34725_polling.o
 .text.tcs34725_read_register
                0x000057d4       0xc0 ./source/utils/colourSensor/tcs34725_polling.o
 .text.tcs34725_read_registers
                0x00005894       0xd0 ./source/utils/colourSensor/tcs34725_polling.o
 .text.tcs34725_init
                0x00005964       0x8c ./source/utils/colourSensor/tcs34725_polling.o
                0x00005964                tcs34725_init
 .text.tcs34725_get_color_data
                0x000059f0       0xc0 ./source/utils/colourSensor/tcs34725_polling.o
                0x000059f0                tcs34725_get_color_data
 .text.setLevelFlag
                0x00005ab0       0x1c ./source/utils/flag.o
                0x00005ab0                setLevelFlag
 .text.setLCDFlag
                0x00005acc       0x28 ./source/utils/flag.o
                0x00005acc                setLCDFlag
 .text.setSuccessFlag
                0x00005af4       0x20 ./source/utils/flag.o
                0x00005af4                setSuccessFlag
 .text.getSuccessFlag
                0x00005b14       0x14 ./source/utils/flag.o
                0x00005b14                getSuccessFlag
 .text.LCDupdate
                0x00005b28      0x320 ./source/utils/flag.o
                0x00005b28                LCDupdate
 .text.__NVIC_SetPriority
                0x00005e48       0x54 ./source/utils/timer.o
 .text.SysTick_Config
                0x00005e9c       0x44 ./source/utils/timer.o
 .text.getMs    0x00005ee0       0x14 ./source/utils/timer.o
                0x00005ee0                getMs
 .text.getWon   0x00005ef4       0x14 ./source/utils/timer.o
                0x00005ef4                getWon
 .text.setWon   0x00005f08       0x1c ./source/utils/timer.o
                0x00005f08                setWon
 .text.SysTick_Handler
                0x00005f24       0x98 ./source/utils/timer.o
                0x00005f24                SysTick_Handler
 .text.levelTwo
                0x00005fbc       0xe8 ./source/games/levelTwo/levelTwo.o
                0x00005fbc                levelTwo
 .text.levelThree
                0x000060a4       0x70 ./source/games/levelThree/levelThree.o
                0x000060a4                levelThree
 .text.showArrow
                0x00006114       0xac ./source/games/levelOne/levelOne.o
                0x00006114                showArrow
 .text.generateNewArrow
                0x000061c0       0x40 ./source/games/levelOne/levelOne.o
                0x000061c0                generateNewArrow
 .text.resetGame
                0x00006200       0x68 ./source/games/levelOne/levelOne.o
                0x00006200                resetGame
 .text.startCountdown
                0x00006268       0x98 ./source/games/levelOne/levelOne.o
                0x00006268                startCountdown
 .text.increaseScore
                0x00006300       0x44 ./source/games/levelOne/levelOne.o
                0x00006300                increaseScore
 .text.winGame  0x00006344       0x4c ./source/games/levelOne/levelOne.o
                0x00006344                winGame
 .text.levelOne
                0x00006390      0x178 ./source/games/levelOne/levelOne.o
                0x00006390                levelOne
 .text.levelFour
                0x00006508       0xc4 ./source/games/levelFour/levelFour.o
                0x00006508                levelFour
 .text.genPw    0x000065cc       0x7c ./source/games/levelFour/levelFour.o
                0x000065cc                genPw
 .text.getBuf   0x00006648       0x14 ./source/games/levelFour/levelFour.o
                0x00006648                getBuf
 .text.getPw    0x0000665c       0x14 ./source/games/levelFour/levelFour.o
                0x0000665c                getPw
 .text.distance
                0x00006670      0x1e0 ./source/games/gpsGame/gpsGame.o
                0x00006670                distance
 .text.calculateBearing
                0x00006850      0x1a8 ./source/games/gpsGame/gpsGame.o
                0x00006850                calculateBearing
 .text.degToRad
                0x000069f8       0x50 ./source/games/gpsGame/gpsGame.o
                0x000069f8                degToRad
 .text.radToDeg
                0x00006a48       0x54 ./source/games/gpsGame/gpsGame.o
                0x00006a48                radToDeg
 .text.main     0x00006a9c      0x2ac ./source/main.o
                0x00006a9c                main
 .text.SystemInit
                0x00006d48      0x120 ./device/system_MCXA153.o
                0x00006d48                SystemInit
 .text.sprintf  0x00006e68       0x6c C:/nxp/MCUXpressoIDE_24.12.148/ide/plugins/com.nxp.mcuxpresso.tools.win32_24.12.0.202407110909/tools/bin/../lib/gcc/arm-none-eabi/13.2.1/../../../../arm-none-eabi/lib/thumb/v8-m.main/nofp\libcr_c.a(fpprintf.o)
                0x00006e68                sprintf
 .text.snprintf
                0x00006ed4       0x78 C:/nxp/MCUXpressoIDE_24.12.148/ide/plugins/com.nxp.mcuxpresso.tools.win32_24.12.0.202407110909/tools/bin/../lib/gcc/arm-none-eabi/13.2.1/../../../../arm-none-eabi/lib/thumb/v8-m.main/nofp\libcr_c.a(fpprintf.o)
                0x00006ed4                snprintf
 .text.vsnprintf
                0x00006f4c       0x68 C:/nxp/MCUXpressoIDE_24.12.148/ide/plugins/com.nxp.mcuxpresso.tools.win32_24.12.0.202407110909/tools/bin/../lib/gcc/arm-none-eabi/13.2.1/../../../../arm-none-eabi/lib/thumb/v8-m.main/nofp\libcr_c.a(fpprintf.o)
                0x00006f4c                vsnprintf
 .text.printf   0x00006fb4       0x54 C:/nxp/MCUXpressoIDE_24.12.148/ide/plugins/com.nxp.mcuxpresso.tools.win32_24.12.0.202407110909/tools/bin/../lib/gcc/arm-none-eabi/13.2.1/../../../../arm-none-eabi/lib/thumb/v8-m.main/nofp\libcr_c.a(fpprintf.o)
                0x00006fb4                printf
 .text._initio  0x00007008       0x78 C:/nxp/MCUXpressoIDE_24.12.148/ide/plugins/com.nxp.mcuxpresso.tools.win32_24.12.0.202407110909/tools/bin/../lib/gcc/arm-none-eabi/13.2.1/../../../../arm-none-eabi/lib/thumb/v8-m.main/nofp\libcr_c.a(initio.o)
                0x00007008                _initio
 .text.__vfprintf
                0x00007080      0xb70 C:/nxp/MCUXpressoIDE_24.12.148/ide/plugins/com.nxp.mcuxpresso.tools.win32_24.12.0.202407110909/tools/bin/../lib/gcc/arm-none-eabi/13.2.1/../../../../arm-none-eabi/lib/thumb/v8-m.main/nofp\libcr_c.a(printf.o)
                0x00007080                __vfprintf
 .text.ch_val   0x00007bf0       0x30 C:/nxp/MCUXpressoIDE_24.12.148/ide/plugins/com.nxp.mcuxpresso.tools.win32_24.12.0.202407110909/tools/bin/../lib/gcc/arm-none-eabi/13.2.1/../../../../arm-none-eabi/lib/thumb/v8-m.main/nofp\libcr_c.a(scanf.o)
 .text._strtoul
                0x00007c20       0xb4 C:/nxp/MCUXpressoIDE_24.12.148/ide/plugins/com.nxp.mcuxpresso.tools.win32_24.12.0.202407110909/tools/bin/../lib/gcc/arm-none-eabi/13.2.1/../../../../arm-none-eabi/lib/thumb/v8-m.main/nofp\libcr_c.a(scanf.o)
 .text.cr_rd_int
                0x00007cd4      0x1a0 C:/nxp/MCUXpressoIDE_24.12.148/ide/plugins/com.nxp.mcuxpresso.tools.win32_24.12.0.202407110909/tools/bin/../lib/gcc/arm-none-eabi/13.2.1/../../../../arm-none-eabi/lib/thumb/v8-m.main/nofp\libcr_c.a(scanf.o)
 .text.strtod   0x00007e74       0x34 C:/nxp/MCUXpressoIDE_24.12.148/ide/plugins/com.nxp.mcuxpresso.tools.win32_24.12.0.202407110909/tools/bin/../lib/gcc/arm-none-eabi/13.2.1/../../../../arm-none-eabi/lib/thumb/v8-m.main/nofp\libcr_c.a(scanf.o)
                0x00007e74                strtod
 .text.strtol   0x00007ea8       0x80 C:/nxp/MCUXpressoIDE_24.12.148/ide/plugins/com.nxp.mcuxpresso.tools.win32_24.12.0.202407110909/tools/bin/../lib/gcc/arm-none-eabi/13.2.1/../../../../arm-none-eabi/lib/thumb/v8-m.main/nofp\libcr_c.a(scanf.o)
                0x00007ea8                strtol
 .text.atof     0x00007f28       0x14 C:/nxp/MCUXpressoIDE_24.12.148/ide/plugins/com.nxp.mcuxpresso.tools.win32_24.12.0.202407110909/tools/bin/../lib/gcc/arm-none-eabi/13.2.1/../../../../arm-none-eabi/lib/thumb/v8-m.main/nofp\libcr_c.a(scanf.o)
                0x00007f28                atof
 .text.atoi     0x00007f3c       0x18 C:/nxp/MCUXpressoIDE_24.12.148/ide/plugins/com.nxp.mcuxpresso.tools.win32_24.12.0.202407110909/tools/bin/../lib/gcc/arm-none-eabi/13.2.1/../../../../arm-none-eabi/lib/thumb/v8-m.main/nofp\libcr_c.a(scanf.o)
                0x00007f3c                atoi
 .text.rand     0x00007f54       0x48 C:/nxp/MCUXpressoIDE_24.12.148/ide/plugins/com.nxp.mcuxpresso.tools.win32_24.12.0.202407110909/tools/bin/../lib/gcc/arm-none-eabi/13.2.1/../../../../arm-none-eabi/lib/thumb/v8-m.main/nofp\libcr_c.a(stdlib.o)
                0x00007f54                rand
 .text.srand    0x00007f9c       0x40 C:/nxp/MCUXpressoIDE_24.12.148/ide/plugins/com.nxp.mcuxpresso.tools.win32_24.12.0.202407110909/tools/bin/../lib/gcc/arm-none-eabi/13.2.1/../../../../arm-none-eabi/lib/thumb/v8-m.main/nofp\libcr_c.a(stdlib.o)
                0x00007f9c                srand
 .text.__filbuf
                0x00007fdc      0x178 C:/nxp/MCUXpressoIDE_24.12.148/ide/plugins/com.nxp.mcuxpresso.tools.win32_24.12.0.202407110909/tools/bin/../lib/gcc/arm-none-eabi/13.2.1/../../../../arm-none-eabi/lib/thumb/v8-m.main/nofp\libcr_c.a(__fillbuf.o)
                0x00007fdc                __filbuf
 .text._ldexpl  0x00008154       0x48 C:/nxp/MCUXpressoIDE_24.12.148/ide/plugins/com.nxp.mcuxpresso.tools.win32_24.12.0.202407110909/tools/bin/../lib/gcc/arm-none-eabi/13.2.1/../../../../arm-none-eabi/lib/thumb/v8-m.main/nofp\libcr_c.a(_ldexpl.o)
                0x00008154                _ldexpl
 .text._Cwritebuf
                0x0000819c       0x6c C:/nxp/MCUXpressoIDE_24.12.148/ide/plugins/com.nxp.mcuxpresso.tools.win32_24.12.0.202407110909/tools/bin/../lib/gcc/arm-none-eabi/13.2.1/../../../../arm-none-eabi/lib/thumb/v8-m.main/nofp\libcr_c.a(_writebuf.o)
                0x0000819c                _Cwritebuf
 .text.malloc   0x00008208       0xc8 C:/nxp/MCUXpressoIDE_24.12.148/ide/plugins/com.nxp.mcuxpresso.tools.win32_24.12.0.202407110909/tools/bin/../lib/gcc/arm-none-eabi/13.2.1/../../../../arm-none-eabi/lib/thumb/v8-m.main/nofp\libcr_c.a(alloc.o)
                0x00008208                malloc
 .text._Csys_alloc
                0x000082d0       0x20 C:/nxp/MCUXpressoIDE_24.12.148/ide/plugins/com.nxp.mcuxpresso.tools.win32_24.12.0.202407110909/tools/bin/../lib/gcc/arm-none-eabi/13.2.1/../../../../arm-none-eabi/lib/thumb/v8-m.main/nofp\libcr_c.a(alloc.o)
                0x000082d0                _Csys_alloc
 .text.fflush   0x000082f0       0x3c C:/nxp/MCUXpressoIDE_24.12.148/ide/plugins/com.nxp.mcuxpresso.tools.win32_24.12.0.202407110909/tools/bin/../lib/gcc/arm-none-eabi/13.2.1/../../../../arm-none-eabi/lib/thumb/v8-m.main/nofp\libcr_c.a(fflush.o)
                0x000082f0                fflush
 .text.fseek    0x0000832c       0xf8 C:/nxp/MCUXpressoIDE_24.12.148/ide/plugins/com.nxp.mcuxpresso.tools.win32_24.12.0.202407110909/tools/bin/../lib/gcc/arm-none-eabi/13.2.1/../../../../arm-none-eabi/lib/thumb/v8-m.main/nofp\libcr_c.a(fseek.o)
                0x0000832c                fseek
 .text.ftell    0x00008424       0x44 C:/nxp/MCUXpressoIDE_24.12.148/ide/plugins/com.nxp.mcuxpresso.tools.win32_24.12.0.202407110909/tools/bin/../lib/gcc/arm-none-eabi/13.2.1/../../../../arm-none-eabi/lib/thumb/v8-m.main/nofp\libcr_c.a(ftell.o)
                0x00008424                ftell
 .text._sbrk    0x00008468       0x3c C:/nxp/MCUXpressoIDE_24.12.148/ide/plugins/com.nxp.mcuxpresso.tools.win32_24.12.0.202407110909/tools/bin/../lib/gcc/arm-none-eabi/13.2.1/../../../../arm-none-eabi/lib/thumb/v8-m.main/nofp\libcr_c.a(_cr_sbrk.o)
                0x00008468                _sbrk
 .text.__check_heap_overflow
                0x000084a4       0x18 C:/nxp/MCUXpressoIDE_24.12.148/ide/plugins/com.nxp.mcuxpresso.tools.win32_24.12.0.202407110909/tools/bin/../lib/gcc/arm-none-eabi/13.2.1/../../../../arm-none-eabi/lib/thumb/v8-m.main/nofp\libcr_c.a(_cr_check_heap.o)
                0x000084a4                __check_heap_overflow
 .text.__aeabi_dmul
                0x000084bc       0xfc C:/nxp/MCUXpressoIDE_24.12.148/ide/plugins/com.nxp.mcuxpresso.tools.win32_24.12.0.202407110909/tools/bin/../lib/gcc/arm-none-eabi/13.2.1/thumb/v8-m.main/nofp\libcr_eabihelpers.a(double.o)
                0x000084bc                __aeabi_dmul
 .text.__aeabi_ddiv
                0x000085b8      0x134 C:/nxp/MCUXpressoIDE_24.12.148/ide/plugins/com.nxp.mcuxpresso.tools.win32_24.12.0.202407110909/tools/bin/../lib/gcc/arm-none-eabi/13.2.1/thumb/v8-m.main/nofp\libcr_eabihelpers.a(double.o)
                0x000085b8                __aeabi_ddiv
 .text.__aeabi_dsub
                0x000086ec      0x1b4 C:/nxp/MCUXpressoIDE_24.12.148/ide/plugins/com.nxp.mcuxpresso.tools.win32_24.12.0.202407110909/tools/bin/../lib/gcc/arm-none-eabi/13.2.1/thumb/v8-m.main/nofp\libcr_eabihelpers.a(double.o)
                0x000086ec                __aeabi_dsub
 .text.__aeabi_dadd
                0x000088a0      0x118 C:/nxp/MCUXpressoIDE_24.12.148/ide/plugins/com.nxp.mcuxpresso.tools.win32_24.12.0.202407110909/tools/bin/../lib/gcc/arm-none-eabi/13.2.1/thumb/v8-m.main/nofp\libcr_eabihelpers.a(double.o)
                0x000088a0                __aeabi_dadd
 .text.__aeabi_d2f
                0x000089b8       0x58 C:/nxp/MCUXpressoIDE_24.12.148/ide/plugins/com.nxp.mcuxpresso.tools.win32_24.12.0.202407110909/tools/bin/../lib/gcc/arm-none-eabi/13.2.1/thumb/v8-m.main/nofp\libcr_eabihelpers.a(double.o)
                0x000089b8                __aeabi_d2f
 .text.__aeabi_fmul
                0x00008a10       0xac C:/nxp/MCUXpressoIDE_24.12.148/ide/plugins/com.nxp.mcuxpresso.tools.win32_24.12.0.202407110909/tools/bin/../lib/gcc/arm-none-eabi/13.2.1/thumb/v8-m.main/nofp\libcr_eabihelpers.a(float.o)
                0x00008a10                __aeabi_fmul
 .text.__aeabi_fdiv
                0x00008abc       0xbc C:/nxp/MCUXpressoIDE_24.12.148/ide/plugins/com.nxp.mcuxpresso.tools.win32_24.12.0.202407110909/tools/bin/../lib/gcc/arm-none-eabi/13.2.1/thumb/v8-m.main/nofp\libcr_eabihelpers.a(float.o)
                0x00008abc                __aeabi_fdiv
 .text.__aeabi_fsub
                0x00008b78       0xe4 C:/nxp/MCUXpressoIDE_24.12.148/ide/plugins/com.nxp.mcuxpresso.tools.win32_24.12.0.202407110909/tools/bin/../lib/gcc/arm-none-eabi/13.2.1/thumb/v8-m.main/nofp\libcr_eabihelpers.a(float.o)
                0x00008b78                __aeabi_fsub
 .text.__aeabi_fadd
                0x00008c5c       0xb8 C:/nxp/MCUXpressoIDE_24.12.148/ide/plugins/com.nxp.mcuxpresso.tools.win32_24.12.0.202407110909/tools/bin/../lib/gcc/arm-none-eabi/13.2.1/thumb/v8-m.main/nofp\libcr_eabihelpers.a(float.o)
                0x00008c5c                __aeabi_fadd
 .text.__aeabi_f2d
                0x00008d14       0x38 C:/nxp/MCUXpressoIDE_24.12.148/ide/plugins/com.nxp.mcuxpresso.tools.win32_24.12.0.202407110909/tools/bin/../lib/gcc/arm-none-eabi/13.2.1/thumb/v8-m.main/nofp\libcr_eabihelpers.a(float.o)
                0x00008d14                __aeabi_f2d
 .text.__sys_appexit
                0x00008d4c        0xc C:/nxp/MCUXpressoIDE_24.12.148/ide/plugins/com.nxp.mcuxpresso.tools.win32_24.12.0.202407110909/tools/bin/../lib/gcc/arm-none-eabi/13.2.1/../../../../arm-none-eabi/lib/thumb/v8-m.main/nofp\libcr_semihost_nf.a(__sys_appexit.o)
                0x00008d4c                __sys_appexit
                0x00008d4c                __exit
 .text.Reserved16_IRQHandler
                0x00008d58        0x8 ./startup/startup_mcxa153.o
                0x00008d58                Reserved16_IRQHandler
 .text.CMC_IRQHandler
                0x00008d60        0x8 ./startup/startup_mcxa153.o
                0x00008d60                CMC_IRQHandler
 .text.DMA_CH0_IRQHandler
                0x00008d68        0x8 ./startup/startup_mcxa153.o
                0x00008d68                DMA_CH0_IRQHandler
 .text.DMA_CH1_IRQHandler
                0x00008d70        0x8 ./startup/startup_mcxa153.o
                0x00008d70                DMA_CH1_IRQHandler
 .text.DMA_CH2_IRQHandler
                0x00008d78        0x8 ./startup/startup_mcxa153.o
                0x00008d78                DMA_CH2_IRQHandler
 .text.DMA_CH3_IRQHandler
                0x00008d80        0x8 ./startup/startup_mcxa153.o
                0x00008d80                DMA_CH3_IRQHandler
 .text.Reserved22_IRQHandler
                0x00008d88        0x8 ./startup/startup_mcxa153.o
                0x00008d88                Reserved22_IRQHandler
 .text.Reserved23_IRQHandler
                0x00008d90        0x8 ./startup/startup_mcxa153.o
                0x00008d90                Reserved23_IRQHandler
 .text.Reserved24_IRQHandler
                0x00008d98        0x8 ./startup/startup_mcxa153.o
                0x00008d98                Reserved24_IRQHandler
 .text.Reserved25_IRQHandler
                0x00008da0        0x8 ./startup/startup_mcxa153.o
                0x00008da0                Reserved25_IRQHandler
 .text.ERM0_SINGLE_BIT_IRQHandler
                0x00008da8        0x8 ./startup/startup_mcxa153.o
                0x00008da8                ERM0_SINGLE_BIT_IRQHandler
 .text.ERM0_MULTI_BIT_IRQHandler
                0x00008db0        0x8 ./startup/startup_mcxa153.o
                0x00008db0                ERM0_MULTI_BIT_IRQHandler
 .text.FMU0_IRQHandler
                0x00008db8        0x8 ./startup/startup_mcxa153.o
                0x00008db8                FMU0_IRQHandler
 .text.GLIKEY0_IRQHandler
                0x00008dc0        0x8 ./startup/startup_mcxa153.o
                0x00008dc0                GLIKEY0_IRQHandler
 .text.MBC0_IRQHandler
                0x00008dc8        0x8 ./startup/startup_mcxa153.o
                0x00008dc8                MBC0_IRQHandler
 .text.SCG0_IRQHandler
                0x00008dd0        0x8 ./startup/startup_mcxa153.o
                0x00008dd0                SCG0_IRQHandler
 .text.SPC0_IRQHandler
                0x00008dd8        0x8 ./startup/startup_mcxa153.o
                0x00008dd8                SPC0_IRQHandler
 .text.Reserved33_IRQHandler
                0x00008de0        0x8 ./startup/startup_mcxa153.o
                0x00008de0                Reserved33_IRQHandler
 .text.WUU0_IRQHandler
                0x00008de8        0x8 ./startup/startup_mcxa153.o
                0x00008de8                WUU0_IRQHandler
 .text.Reserved35_IRQHandler
                0x00008df0        0x8 ./startup/startup_mcxa153.o
                0x00008df0                Reserved35_IRQHandler
 .text.Reserved36_IRQHandler
                0x00008df8        0x8 ./startup/startup_mcxa153.o
                0x00008df8                Reserved36_IRQHandler
 .text.Reserved37_IRQHandler
                0x00008e00        0x8 ./startup/startup_mcxa153.o
                0x00008e00                Reserved37_IRQHandler
 .text.Reserved38_IRQHandler
                0x00008e08        0x8 ./startup/startup_mcxa153.o
                0x00008e08                Reserved38_IRQHandler
 .text.Reserved39_IRQHandler
                0x00008e10        0x8 ./startup/startup_mcxa153.o
                0x00008e10                Reserved39_IRQHandler
 .text.I3C0_IRQHandler
                0x00008e18        0x8 ./startup/startup_mcxa153.o
                0x00008e18                I3C0_IRQHandler
 .text.Reserved41_IRQHandler
                0x00008e20        0x8 ./startup/startup_mcxa153.o
                0x00008e20                Reserved41_IRQHandler
 .text.Reserved43_IRQHandler
                0x00008e28        0x8 ./startup/startup_mcxa153.o
                0x00008e28                Reserved43_IRQHandler
 .text.LPSPI0_IRQHandler
                0x00008e30        0x8 ./startup/startup_mcxa153.o
                0x00008e30                LPSPI0_IRQHandler
 .text.LPSPI1_IRQHandler
                0x00008e38        0x8 ./startup/startup_mcxa153.o
                0x00008e38                LPSPI1_IRQHandler
 .text.Reserved46_IRQHandler
                0x00008e40        0x8 ./startup/startup_mcxa153.o
                0x00008e40                Reserved46_IRQHandler
 .text.LPUART1_IRQHandler
                0x00008e48        0x8 ./startup/startup_mcxa153.o
                0x00008e48                LPUART1_IRQHandler
 .text.Reserved50_IRQHandler
                0x00008e50        0x8 ./startup/startup_mcxa153.o
                0x00008e50                Reserved50_IRQHandler
 .text.Reserved51_IRQHandler
                0x00008e58        0x8 ./startup/startup_mcxa153.o
                0x00008e58                Reserved51_IRQHandler
 .text.USB0_IRQHandler
                0x00008e60        0x8 ./startup/startup_mcxa153.o
                0x00008e60                USB0_IRQHandler
 .text.Reserved53_IRQHandler
                0x00008e68        0x8 ./startup/startup_mcxa153.o
                0x00008e68                Reserved53_IRQHandler
 .text.CDOG0_IRQHandler
                0x00008e70        0x8 ./startup/startup_mcxa153.o
                0x00008e70                CDOG0_IRQHandler
 .text.CTIMER0_IRQHandler
                0x00008e78        0x8 ./startup/startup_mcxa153.o
                0x00008e78                CTIMER0_IRQHandler
 .text.CTIMER1_IRQHandler
                0x00008e80        0x8 ./startup/startup_mcxa153.o
                0x00008e80                CTIMER1_IRQHandler
 .text.CTIMER2_IRQHandler
                0x00008e88        0x8 ./startup/startup_mcxa153.o
                0x00008e88                CTIMER2_IRQHandler
 .text.Reserved58_IRQHandler
                0x00008e90        0x8 ./startup/startup_mcxa153.o
                0x00008e90                Reserved58_IRQHandler
 .text.Reserved59_IRQHandler
                0x00008e98        0x8 ./startup/startup_mcxa153.o
                0x00008e98                Reserved59_IRQHandler
 .text.FLEXPWM0_RELOAD_ERROR_IRQHandler
                0x00008ea0        0x8 ./startup/startup_mcxa153.o
                0x00008ea0                FLEXPWM0_RELOAD_ERROR_IRQHandler
 .text.FLEXPWM0_FAULT_IRQHandler
                0x00008ea8        0x8 ./startup/startup_mcxa153.o
                0x00008ea8                FLEXPWM0_FAULT_IRQHandler
 .text.FLEXPWM0_SUBMODULE0_IRQHandler
                0x00008eb0        0x8 ./startup/startup_mcxa153.o
                0x00008eb0                FLEXPWM0_SUBMODULE0_IRQHandler
 .text.FLEXPWM0_SUBMODULE1_IRQHandler
                0x00008eb8        0x8 ./startup/startup_mcxa153.o
                0x00008eb8                FLEXPWM0_SUBMODULE1_IRQHandler
 .text.FLEXPWM0_SUBMODULE2_IRQHandler
                0x00008ec0        0x8 ./startup/startup_mcxa153.o
                0x00008ec0                FLEXPWM0_SUBMODULE2_IRQHandler
 .text.Reserved65_IRQHandler
                0x00008ec8        0x8 ./startup/startup_mcxa153.o
                0x00008ec8                Reserved65_IRQHandler
 .text.QDC0_COMPARE_IRQHandler
                0x00008ed0        0x8 ./startup/startup_mcxa153.o
                0x00008ed0                QDC0_COMPARE_IRQHandler
 .text.QDC0_HOME_IRQHandler
                0x00008ed8        0x8 ./startup/startup_mcxa153.o
                0x00008ed8                QDC0_HOME_IRQHandler
 .text.QDC0_WATCHDOG_IRQHandler
                0x00008ee0        0x8 ./startup/startup_mcxa153.o
                0x00008ee0                QDC0_WATCHDOG_IRQHandler
 .text.QDC0_INDEX_IRQHandler
                0x00008ee8        0x8 ./startup/startup_mcxa153.o
                0x00008ee8                QDC0_INDEX_IRQHandler
 .text.FREQME0_IRQHandler
                0x00008ef0        0x8 ./startup/startup_mcxa153.o
                0x00008ef0                FREQME0_IRQHandler
 .text.LPTMR0_IRQHandler
                0x00008ef8        0x8 ./startup/startup_mcxa153.o
                0x00008ef8                LPTMR0_IRQHandler
 .text.Reserved72_IRQHandler
                0x00008f00        0x8 ./startup/startup_mcxa153.o
                0x00008f00                Reserved72_IRQHandler
 .text.OS_EVENT_IRQHandler
                0x00008f08        0x8 ./startup/startup_mcxa153.o
                0x00008f08                OS_EVENT_IRQHandler
 .text.WAKETIMER0_IRQHandler
                0x00008f10        0x8 ./startup/startup_mcxa153.o
                0x00008f10                WAKETIMER0_IRQHandler
 .text.UTICK0_IRQHandler
                0x00008f18        0x8 ./startup/startup_mcxa153.o
                0x00008f18                UTICK0_IRQHandler
 .text.WWDT0_IRQHandler
                0x00008f20        0x8 ./startup/startup_mcxa153.o
                0x00008f20                WWDT0_IRQHandler
 .text.Reserved77_IRQHandler
                0x00008f28        0x8 ./startup/startup_mcxa153.o
                0x00008f28                Reserved77_IRQHandler
 .text.ADC0_IRQHandler
                0x00008f30        0x8 ./startup/startup_mcxa153.o
                0x00008f30                ADC0_IRQHandler
 .text.Reserved79_IRQHandler
                0x00008f38        0x8 ./startup/startup_mcxa153.o
                0x00008f38                Reserved79_IRQHandler
 .text.CMP0_IRQHandler
                0x00008f40        0x8 ./startup/startup_mcxa153.o
                0x00008f40                CMP0_IRQHandler
 .text.CMP1_IRQHandler
                0x00008f48        0x8 ./startup/startup_mcxa153.o
                0x00008f48                CMP1_IRQHandler
 .text.Reserved82_IRQHandler
                0x00008f50        0x8 ./startup/startup_mcxa153.o
                0x00008f50                Reserved82_IRQHandler
 .text.Reserved83_IRQHandler
                0x00008f58        0x8 ./startup/startup_mcxa153.o
                0x00008f58                Reserved83_IRQHandler
 .text.Reserved84_IRQHandler
                0x00008f60        0x8 ./startup/startup_mcxa153.o
                0x00008f60                Reserved84_IRQHandler
 .text.Reserved85_IRQHandler
                0x00008f68        0x8 ./startup/startup_mcxa153.o
                0x00008f68                Reserved85_IRQHandler
 .text.Reserved86_IRQHandler
                0x00008f70        0x8 ./startup/startup_mcxa153.o
                0x00008f70                Reserved86_IRQHandler
 .text.GPIO0_IRQHandler
                0x00008f78        0x8 ./startup/startup_mcxa153.o
                0x00008f78                GPIO0_IRQHandler
 .text.GPIO2_IRQHandler
                0x00008f80        0x8 ./startup/startup_mcxa153.o
                0x00008f80                GPIO2_IRQHandler
 .text.GPIO3_IRQHandler
                0x00008f88        0x8 ./startup/startup_mcxa153.o
                0x00008f88                GPIO3_IRQHandler
 .text.ld_word  0x00008f90       0x30 ./source/utils/sdCard/FatFs/ff.o
 .text.ld_dword
                0x00008fc0       0x44 ./source/utils/sdCard/FatFs/ff.o
 .text.st_word  0x00009004       0x34 ./source/utils/sdCard/FatFs/ff.o
 .text.st_dword
                0x00009038       0x56 ./source/utils/sdCard/FatFs/ff.o
 .text.dbc_1st  0x0000908e       0x3e ./source/utils/sdCard/FatFs/ff.o
 .text.dbc_2nd  0x000090cc       0x52 ./source/utils/sdCard/FatFs/ff.o
 .text.sync_window
                0x0000911e       0x78 ./source/utils/sdCard/FatFs/ff.o
 .text.move_window
                0x00009196       0x5a ./source/utils/sdCard/FatFs/ff.o
 .text.clst2sect
                0x000091f0       0x3c ./source/utils/sdCard/FatFs/ff.o
 .text.get_fat  0x0000922c      0x14e ./source/utils/sdCard/FatFs/ff.o
 .text.put_fat  0x0000937a      0x1d4 ./source/utils/sdCard/FatFs/ff.o
 .text.remove_chain
                0x0000954e       0xca ./source/utils/sdCard/FatFs/ff.o
 .text.create_chain
                0x00009618      0x1aa ./source/utils/sdCard/FatFs/ff.o
 .text.dir_clear
                0x000097c2       0x90 ./source/utils/sdCard/FatFs/ff.o
 .text.dir_sdi  0x00009852       0xf6 ./source/utils/sdCard/FatFs/ff.o
 .text.dir_next
                0x00009948      0x12c ./source/utils/sdCard/FatFs/ff.o
 .text.dir_alloc
                0x00009a74       0x8e ./source/utils/sdCard/FatFs/ff.o
 .text.ld_clust
                0x00009b02       0x3e ./source/utils/sdCard/FatFs/ff.o
 .text.st_clust
                0x00009b40       0x40 ./source/utils/sdCard/FatFs/ff.o
 .text.dir_read
                0x00009b80       0xba ./source/utils/sdCard/FatFs/ff.o
 .text.dir_find
                0x00009c3a       0xaa ./source/utils/sdCard/FatFs/ff.o
 .text.dir_register
                0x00009ce4       0x64 ./source/utils/sdCard/FatFs/ff.o
 .text.dir_remove
                0x00009d48       0x3c ./source/utils/sdCard/FatFs/ff.o
 .text.follow_path
                0x00009d84      0x11c ./source/utils/sdCard/FatFs/ff.o
 .text.find_volume
                0x00009ea0       0xbe ./source/utils/sdCard/FatFs/ff.o
 .text.validate
                0x00009f5e       0x6a ./source/utils/sdCard/FatFs/ff.o
 .text.f_read   0x00009fc8      0x21a ./source/utils/sdCard/FatFs/ff.o
                0x00009fc8                f_read
 .text.f_write  0x0000a1e2      0x2ba ./source/utils/sdCard/FatFs/ff.o
                0x0000a1e2                f_write
 .text.f_close  0x0000a49c       0x40 ./source/utils/sdCard/FatFs/ff.o
                0x0000a49c                f_close
 .text.f_lseek  0x0000a4dc      0x1fc ./source/utils/sdCard/FatFs/ff.o
                0x0000a4dc                f_lseek
 .text.f_unlink
                0x0000a6d8      0x168 ./source/utils/sdCard/FatFs/ff.o
                0x0000a6d8                f_unlink
 .text.putc_bfd
                0x0000a840       0x70 ./source/utils/sdCard/FatFs/ff.o
 .text.putc_flush
                0x0000a8b0       0x4a ./source/utils/sdCard/FatFs/ff.o
 .text.putc_init
                0x0000a8fa       0x22 ./source/utils/sdCard/FatFs/ff.o
 .text.dly_us   0x0000a91c       0x32 ./source/utils/sdCard/FatFs/sdmm.o
                0x0000a91c                dly_us
 .text.wait_ready
                0x0000a94e       0x48 ./source/utils/sdCard/FatFs/sdmm.o
 .text.rcvr_datablock
                0x0000a996       0x62 ./source/utils/sdCard/FatFs/sdmm.o
 .text.xmit_datablock
                0x0000a9f8       0x6a ./source/utils/sdCard/FatFs/sdmm.o
 .text.send_cmd
                0x0000aa62       0xda ./source/utils/sdCard/FatFs/sdmm.o
 .text.disk_ioctl
                0x0000ab3c      0x116 ./source/utils/sdCard/FatFs/sdmm.o
                0x0000ab3c                disk_ioctl
 .text.delay_us
                0x0000ac52       0x32 ./source/utils/lcdScreen/lcd.o
                0x0000ac52                delay_us
 .text.lcd_pulse_enable
                0x0000ac84       0x44 ./source/utils/lcdScreen/lcd.o
 .text.lcd_write4bits
                0x0000acc8       0x28 ./source/utils/lcdScreen/lcd.o
 .text.lcd_send
                0x0000acf0       0x42 ./source/utils/lcdScreen/lcd.o
 .text.lcd_send_cmd
                0x0000ad32       0x1c ./source/utils/lcdScreen/lcd.o
                0x0000ad32                lcd_send_cmd
 .text.lcd_send_data
                0x0000ad4e       0x1c ./source/utils/lcdScreen/lcd.o
                0x0000ad4e                lcd_send_data
 .text.lcd_init
                0x0000ad6a       0x62 ./source/utils/lcdScreen/lcd.o
                0x0000ad6a                lcd_init
 .text.lcd_send_string
                0x0000adcc       0x2a ./source/utils/lcdScreen/lcd.o
                0x0000adcc                lcd_send_string
 .text.lcd_clear
                0x0000adf6       0x16 ./source/utils/lcdScreen/lcd.o
                0x0000adf6                lcd_clear
 .text.lcd_set_cursor
                0x0000ae0c       0x52 ./source/utils/lcdScreen/lcd.o
                0x0000ae0c                lcd_set_cursor
 .text.delay_ms
                0x0000ae5e       0x10 ./source/utils/joystick/delay.o
                0x0000ae5e                delay_ms
 .text.strsep   0x0000ae6e       0x78 ./source/utils/gps/gps.o
                0x0000ae6e                strsep
 .text.__sys_write
                0x0000aee6       0x56 ./source/utils/comProtocols/Lpuart/retarget.o
                0x0000aee6                __sys_write
 .text.__sys_readc
                0x0000af3c        0xe ./source/utils/comProtocols/Lpuart/retarget.o
                0x0000af3c                __sys_readc
 .text.f_init   0x0000af4a       0x4a ./source/utils/comProtocols/fifo.o
                0x0000af4a                f_init
 .text.f_push   0x0000af94       0x6a ./source/utils/comProtocols/fifo.o
                0x0000af94                f_push
 .text.f_pop    0x0000affe       0x66 ./source/utils/comProtocols/fifo.o
                0x0000affe                f_pop
 .text.f_cnt    0x0000b064       0x16 ./source/utils/comProtocols/fifo.o
                0x0000b064                f_cnt
 .text.f16_init
                0x0000b07a       0x4a ./source/utils/comProtocols/fifo16.o
                0x0000b07a                f16_init
 .text.f16_push
                0x0000b0c4       0x6c ./source/utils/comProtocols/fifo16.o
                0x0000b0c4                f16_push
 .text.f16_pop  0x0000b130       0x68 ./source/utils/comProtocols/fifo16.o
                0x0000b130                f16_pop
 .text.f16_cnt  0x0000b198       0x16 ./source/utils/comProtocols/fifo16.o
                0x0000b198                f16_cnt
 .text.fmaxf_local
                0x0000b1ae       0x26 ./source/utils/colourSensor/color_classifier.o
 .text.fminf_local
                0x0000b1d4       0x26 ./source/utils/colourSensor/color_classifier.o
 .text.fmodf_local
                0x0000b1fa       0x40 ./source/utils/colourSensor/color_classifier.o
 .text.fabsf_local
                0x0000b23a       0x2a ./source/utils/colourSensor/color_classifier.o
 .text.normalizeRGB
                0x0000b264       0x96 ./source/utils/colourSensor/color_classifier.o
                0x0000b264                normalizeRGB
 .text.readHslSample
                0x0000b2fa       0x3a ./source/utils/colourSensor/color_classifier.o
                0x0000b2fa                readHslSample
 .text.delay    0x0000b334       0x28 ./source/utils/colourSensor/tcs34725_polling.o
 .text.timerInit
                0x0000b35c       0x1a ./source/utils/timer.o
                0x0000b35c                timerInit
 .text.init_hardware
                0x0000b376       0x10 ./source/games/levelOne/levelOne.o
                0x0000b376                init_hardware
 .text.getJoystickDirection
                0x0000b386       0x7e ./source/games/levelOne/levelOne.o
                0x0000b386                getJoystickDirection
 .text.getJoystickDir
                0x0000b404       0x7e ./source/games/levelFour/levelFour.o
                0x0000b404                getJoystickDir
 .text.HardFault_Handler
                0x0000b482       0x36 ./source/semihost_hardfault.o
                0x0000b482                HardFault_Handler
 .text.SystemInitHook
                0x0000b4b8        0xc ./device/system_MCXA153.o
                0x0000b4b8                SystemInitHook
 .text.__main   0x0000b4c4        0xe C:/nxp/MCUXpressoIDE_24.12.148/ide/plugins/com.nxp.mcuxpresso.tools.win32_24.12.0.202407110909/tools/bin/../lib/gcc/arm-none-eabi/13.2.1/../../../../arm-none-eabi/lib/thumb/v8-m.main/nofp\libcr_semihost_nf.a(_cr__main.o)
                0x0000b4c4                __CR_SEMIHOST
                0x0000b4c4                __main
 .text.memcpy   0x0000b4d2        0x4 C:/nxp/MCUXpressoIDE_24.12.148/ide/plugins/com.nxp.mcuxpresso.tools.win32_24.12.0.202407110909/tools/bin/../lib/gcc/arm-none-eabi/13.2.1/../../../../arm-none-eabi/lib/thumb/v8-m.main/nofp\libcr_c.a(memcpy.o)
                0x0000b4d2                memcpy
 .text.memset   0x0000b4d6        0x4 C:/nxp/MCUXpressoIDE_24.12.148/ide/plugins/com.nxp.mcuxpresso.tools.win32_24.12.0.202407110909/tools/bin/../lib/gcc/arm-none-eabi/13.2.1/../../../../arm-none-eabi/lib/thumb/v8-m.main/nofp\libcr_c.a(memset.o)
                0x0000b4d6                memset
 .text.fabs     0x0000b4da       0x1c C:/nxp/MCUXpressoIDE_24.12.148/ide/plugins/com.nxp.mcuxpresso.tools.win32_24.12.0.202407110909/tools/bin/../lib/gcc/arm-none-eabi/13.2.1/../../../../arm-none-eabi/lib/thumb/v8-m.main/nofp\libcr_c.a(fabs.o)
                0x0000b4da                fabs
 .text.fp_round
                0x0000b4f6       0x4c C:/nxp/MCUXpressoIDE_24.12.148/ide/plugins/com.nxp.mcuxpresso.tools.win32_24.12.0.202407110909/tools/bin/../lib/gcc/arm-none-eabi/13.2.1/../../../../arm-none-eabi/lib/thumb/v8-m.main/nofp\libcr_c.a(fpprintf.o)
 .text.pr_dec.constprop.0
                0x0000b542       0x24 C:/nxp/MCUXpressoIDE_24.12.148/ide/plugins/com.nxp.mcuxpresso.tools.win32_24.12.0.202407110909/tools/bin/../lib/gcc/arm-none-eabi/13.2.1/../../../../arm-none-eabi/lib/thumb/v8-m.main/nofp\libcr_c.a(fpprintf.o)
 .text.memcmp   0x0000b566       0x42 C:/nxp/MCUXpressoIDE_24.12.148/ide/plugins/com.nxp.mcuxpresso.tools.win32_24.12.0.202407110909/tools/bin/../lib/gcc/arm-none-eabi/13.2.1/../../../../arm-none-eabi/lib/thumb/v8-m.main/nofp\libcr_c.a(memcmp.o)
                0x0000b566                memcmp
 .text.sscanf   0x0000b5a8       0x3e C:/nxp/MCUXpressoIDE_24.12.148/ide/plugins/com.nxp.mcuxpresso.tools.win32_24.12.0.202407110909/tools/bin/../lib/gcc/arm-none-eabi/13.2.1/../../../../arm-none-eabi/lib/thumb/v8-m.main/nofp\libcr_c.a(scanf.o)
                0x0000b5a8                sscanf
 .text.setvbuf  0x0000b5e6       0x3e C:/nxp/MCUXpressoIDE_24.12.148/ide/plugins/com.nxp.mcuxpresso.tools.win32_24.12.0.202407110909/tools/bin/../lib/gcc/arm-none-eabi/13.2.1/../../../../arm-none-eabi/lib/thumb/v8-m.main/nofp\libcr_c.a(setvbuf.o)
                0x0000b5e6                setvbuf
 .text.sin      0x0000b624       0x38 C:/nxp/MCUXpressoIDE_24.12.148/ide/plugins/com.nxp.mcuxpresso.tools.win32_24.12.0.202407110909/tools/bin/../lib/gcc/arm-none-eabi/13.2.1/../../../../arm-none-eabi/lib/thumb/v8-m.main/nofp\libcr_c.a(sin.o)
                0x0000b624                sin
 .text.strchr   0x0000b65c       0x18 C:/nxp/MCUXpressoIDE_24.12.148/ide/plugins/com.nxp.mcuxpresso.tools.win32_24.12.0.202407110909/tools/bin/../lib/gcc/arm-none-eabi/13.2.1/../../../../arm-none-eabi/lib/thumb/v8-m.main/nofp\libcr_c.a(strchr.o)
                0x0000b65c                strchr
 .text.strlen   0x0000b674       0x4e C:/nxp/MCUXpressoIDE_24.12.148/ide/plugins/com.nxp.mcuxpresso.tools.win32_24.12.0.202407110909/tools/bin/../lib/gcc/arm-none-eabi/13.2.1/../../../../arm-none-eabi/lib/thumb/v8-m.main/nofp\libcr_c.a(strlen.o)
                0x0000b674                strlen
 .text.strncat  0x0000b6c2       0x28 C:/nxp/MCUXpressoIDE_24.12.148/ide/plugins/com.nxp.mcuxpresso.tools.win32_24.12.0.202407110909/tools/bin/../lib/gcc/arm-none-eabi/13.2.1/../../../../arm-none-eabi/lib/thumb/v8-m.main/nofp\libcr_c.a(strncat.o)
                0x0000b6c2                strncat
 .text.strncmp  0x0000b6ea       0x54 C:/nxp/MCUXpressoIDE_24.12.148/ide/plugins/com.nxp.mcuxpresso.tools.win32_24.12.0.202407110909/tools/bin/../lib/gcc/arm-none-eabi/13.2.1/../../../../arm-none-eabi/lib/thumb/v8-m.main/nofp\libcr_c.a(strncmp.o)
                0x0000b6ea                strncmp
 .text.strpbrk  0x0000b73e       0x20 C:/nxp/MCUXpressoIDE_24.12.148/ide/plugins/com.nxp.mcuxpresso.tools.win32_24.12.0.202407110909/tools/bin/../lib/gcc/arm-none-eabi/13.2.1/../../../../arm-none-eabi/lib/thumb/v8-m.main/nofp\libcr_c.a(strpbrk.o)
                0x0000b73e                strpbrk
 .text.ungetc   0x0000b75e       0x32 C:/nxp/MCUXpressoIDE_24.12.148/ide/plugins/com.nxp.mcuxpresso.tools.win32_24.12.0.202407110909/tools/bin/../lib/gcc/arm-none-eabi/13.2.1/../../../../arm-none-eabi/lib/thumb/v8-m.main/nofp\libcr_c.a(ungetc.o)
                0x0000b75e                ungetc
 .text._Csys_read_
                0x0000b790       0x22 C:/nxp/MCUXpressoIDE_24.12.148/ide/plugins/com.nxp.mcuxpresso.tools.win32_24.12.0.202407110909/tools/bin/../lib/gcc/arm-none-eabi/13.2.1/../../../../arm-none-eabi/lib/thumb/v8-m.main/nofp\libcr_c.a(__fillbuf.o)
                0x0000b790                _Csys_read_
 .text._deferredlazyseek
                0x0000b7b2       0x40 C:/nxp/MCUXpressoIDE_24.12.148/ide/plugins/com.nxp.mcuxpresso.tools.win32_24.12.0.202407110909/tools/bin/../lib/gcc/arm-none-eabi/13.2.1/../../../../arm-none-eabi/lib/thumb/v8-m.main/nofp\libcr_c.a(_deferredlazyseek.o)
                0x0000b7b2                _deferredlazyseek
 .text.__flsbuf
                0x0000b7f2      0x126 C:/nxp/MCUXpressoIDE_24.12.148/ide/plugins/com.nxp.mcuxpresso.tools.win32_24.12.0.202407110909/tools/bin/../lib/gcc/arm-none-eabi/13.2.1/../../../../arm-none-eabi/lib/thumb/v8-m.main/nofp\libcr_c.a(_deferredlazyseek.o)
                0x0000b7f2                __flsbuf
 .text._fdopen  0x0000b918       0x68 C:/nxp/MCUXpressoIDE_24.12.148/ide/plugins/com.nxp.mcuxpresso.tools.win32_24.12.0.202407110909/tools/bin/../lib/gcc/arm-none-eabi/13.2.1/../../../../arm-none-eabi/lib/thumb/v8-m.main/nofp\libcr_c.a(_fdopen.o)
                0x0000b918                _fdopen
 .text._fflush  0x0000b980       0x52 C:/nxp/MCUXpressoIDE_24.12.148/ide/plugins/com.nxp.mcuxpresso.tools.win32_24.12.0.202407110909/tools/bin/../lib/gcc/arm-none-eabi/13.2.1/../../../../arm-none-eabi/lib/thumb/v8-m.main/nofp\libcr_c.a(_fflush.o)
                0x0000b980                _fflush
 .text._frexpl  0x0000b9d2       0x5a C:/nxp/MCUXpressoIDE_24.12.148/ide/plugins/com.nxp.mcuxpresso.tools.win32_24.12.0.202407110909/tools/bin/../lib/gcc/arm-none-eabi/13.2.1/../../../../arm-none-eabi/lib/thumb/v8-m.main/nofp\libcr_c.a(_frexpl.o)
                0x0000b9d2                _frexpl
 .text.free     0x0000ba2c       0x30 C:/nxp/MCUXpressoIDE_24.12.148/ide/plugins/com.nxp.mcuxpresso.tools.win32_24.12.0.202407110909/tools/bin/../lib/gcc/arm-none-eabi/13.2.1/../../../../arm-none-eabi/lib/thumb/v8-m.main/nofp\libcr_c.a(alloc.o)
                0x0000ba2c                free
 .text.fclose   0x0000ba5c       0x58 C:/nxp/MCUXpressoIDE_24.12.148/ide/plugins/com.nxp.mcuxpresso.tools.win32_24.12.0.202407110909/tools/bin/../lib/gcc/arm-none-eabi/13.2.1/../../../../arm-none-eabi/lib/thumb/v8-m.main/nofp\libcr_c.a(fclose.o)
                0x0000ba5c                fclose
 .text.remove   0x0000bab4       0x14 C:/nxp/MCUXpressoIDE_24.12.148/ide/plugins/com.nxp.mcuxpresso.tools.win32_24.12.0.202407110909/tools/bin/../lib/gcc/arm-none-eabi/13.2.1/../../../../arm-none-eabi/lib/thumb/v8-m.main/nofp\libcr_c.a(remove.o)
                0x0000bab4                remove
 .text._do_fflush
                0x0000bac8       0x40 C:/nxp/MCUXpressoIDE_24.12.148/ide/plugins/com.nxp.mcuxpresso.tools.win32_24.12.0.202407110909/tools/bin/../lib/gcc/arm-none-eabi/13.2.1/../../../../arm-none-eabi/lib/thumb/v8-m.main/nofp\libcr_c.a(_do_fflush.o)
                0x0000bac8                _do_fflush
 .text.__aeabi_division_uldivmod
                0x0000bb08      0x174 C:/nxp/MCUXpressoIDE_24.12.148/ide/plugins/com.nxp.mcuxpresso.tools.win32_24.12.0.202407110909/tools/bin/../lib/gcc/arm-none-eabi/13.2.1/thumb/v8-m.main/nofp\libcr_eabihelpers.a(division_64.o)
                0x0000bb08                __aeabi_uldivmod
                0x0000bb0c                __bhs_ldivmod1
 .text.__aeabi_division_idiv0
                0x0000bc7c        0x2 C:/nxp/MCUXpressoIDE_24.12.148/ide/plugins/com.nxp.mcuxpresso.tools.win32_24.12.0.202407110909/tools/bin/../lib/gcc/arm-none-eabi/13.2.1/thumb/v8-m.main/nofp\libcr_eabihelpers.a(division_idiv0.o)
                0x0000bc7c                __aeabi_idiv0
 .text.__aeabi_d2iz
                0x0000bc7e       0x42 C:/nxp/MCUXpressoIDE_24.12.148/ide/plugins/com.nxp.mcuxpresso.tools.win32_24.12.0.202407110909/tools/bin/../lib/gcc/arm-none-eabi/13.2.1/thumb/v8-m.main/nofp\libcr_eabihelpers.a(double.o)
                0x0000bc7e                __aeabi_d2iz
 .text.__bhs_ui2d
                0x0000bcc0       0x46 C:/nxp/MCUXpressoIDE_24.12.148/ide/plugins/com.nxp.mcuxpresso.tools.win32_24.12.0.202407110909/tools/bin/../lib/gcc/arm-none-eabi/13.2.1/thumb/v8-m.main/nofp\libcr_eabihelpers.a(double.o)
                0x0000bcc0                __bhs_ui2d
 .text.__aeabi_i2d
                0x0000bd06       0x10 C:/nxp/MCUXpressoIDE_24.12.148/ide/plugins/com.nxp.mcuxpresso.tools.win32_24.12.0.202407110909/tools/bin/../lib/gcc/arm-none-eabi/13.2.1/thumb/v8-m.main/nofp\libcr_eabihelpers.a(double.o)
                0x0000bd06                __aeabi_i2d
 .text.__aeabi_dcmpeq
                0x0000bd16       0x30 C:/nxp/MCUXpressoIDE_24.12.148/ide/plugins/com.nxp.mcuxpresso.tools.win32_24.12.0.202407110909/tools/bin/../lib/gcc/arm-none-eabi/13.2.1/thumb/v8-m.main/nofp\libcr_eabihelpers.a(double.o)
                0x0000bd16                __aeabi_dcmpeq
 .text.__aeabi_dcmplt
                0x0000bd46       0x56 C:/nxp/MCUXpressoIDE_24.12.148/ide/plugins/com.nxp.mcuxpresso.tools.win32_24.12.0.202407110909/tools/bin/../lib/gcc/arm-none-eabi/13.2.1/thumb/v8-m.main/nofp\libcr_eabihelpers.a(double.o)
                0x0000bd46                __aeabi_dcmplt
 .text.__aeabi_dcmpgt
                0x0000bd9c       0x56 C:/nxp/MCUXpressoIDE_24.12.148/ide/plugins/com.nxp.mcuxpresso.tools.win32_24.12.0.202407110909/tools/bin/../lib/gcc/arm-none-eabi/13.2.1/thumb/v8-m.main/nofp\libcr_eabihelpers.a(double.o)
                0x0000bd9c                __aeabi_dcmpgt
 .text.__aeabi_dcmple
                0x0000bdf2       0x54 C:/nxp/MCUXpressoIDE_24.12.148/ide/plugins/com.nxp.mcuxpresso.tools.win32_24.12.0.202407110909/tools/bin/../lib/gcc/arm-none-eabi/13.2.1/thumb/v8-m.main/nofp\libcr_eabihelpers.a(double.o)
                0x0000bdf2                __aeabi_dcmple
 .text.__aeabi_dcmpge
                0x0000be46       0x5a C:/nxp/MCUXpressoIDE_24.12.148/ide/plugins/com.nxp.mcuxpresso.tools.win32_24.12.0.202407110909/tools/bin/../lib/gcc/arm-none-eabi/13.2.1/thumb/v8-m.main/nofp\libcr_eabihelpers.a(double.o)
                0x0000be46                __aeabi_dcmpge
 .text.__aeabi_f2iz
                0x0000bea0       0x34 C:/nxp/MCUXpressoIDE_24.12.148/ide/plugins/com.nxp.mcuxpresso.tools.win32_24.12.0.202407110909/tools/bin/../lib/gcc/arm-none-eabi/13.2.1/thumb/v8-m.main/nofp\libcr_eabihelpers.a(float.o)
                0x0000bea0                __aeabi_f2iz
 .text.__aeabi_f2uiz
                0x0000bed4       0x26 C:/nxp/MCUXpressoIDE_24.12.148/ide/plugins/com.nxp.mcuxpresso.tools.win32_24.12.0.202407110909/tools/bin/../lib/gcc/arm-none-eabi/13.2.1/thumb/v8-m.main/nofp\libcr_eabihelpers.a(float.o)
                0x0000bed4                __aeabi_f2uiz
 .text.__bhs_ui2f
                0x0000befa       0x26 C:/nxp/MCUXpressoIDE_24.12.148/ide/plugins/com.nxp.mcuxpresso.tools.win32_24.12.0.202407110909/tools/bin/../lib/gcc/arm-none-eabi/13.2.1/thumb/v8-m.main/nofp\libcr_eabihelpers.a(float.o)
                0x0000befa                __bhs_ui2f
 .text.__aeabi_i2f
                0x0000bf20       0x10 C:/nxp/MCUXpressoIDE_24.12.148/ide/plugins/com.nxp.mcuxpresso.tools.win32_24.12.0.202407110909/tools/bin/../lib/gcc/arm-none-eabi/13.2.1/thumb/v8-m.main/nofp\libcr_eabihelpers.a(float.o)
                0x0000bf20                __aeabi_i2f
 .text.__aeabi_ui2f
                0x0000bf30        0x8 C:/nxp/MCUXpressoIDE_24.12.148/ide/plugins/com.nxp.mcuxpresso.tools.win32_24.12.0.202407110909/tools/bin/../lib/gcc/arm-none-eabi/13.2.1/thumb/v8-m.main/nofp\libcr_eabihelpers.a(float.o)
                0x0000bf30                __aeabi_ui2f
 .text.__aeabi_fcmpeq
                0x0000bf38       0x1e C:/nxp/MCUXpressoIDE_24.12.148/ide/plugins/com.nxp.mcuxpresso.tools.win32_24.12.0.202407110909/tools/bin/../lib/gcc/arm-none-eabi/13.2.1/thumb/v8-m.main/nofp\libcr_eabihelpers.a(float.o)
                0x0000bf38                __aeabi_fcmpeq
 .text.__aeabi_fcmplt
                0x0000bf56       0x3a C:/nxp/MCUXpressoIDE_24.12.148/ide/plugins/com.nxp.mcuxpresso.tools.win32_24.12.0.202407110909/tools/bin/../lib/gcc/arm-none-eabi/13.2.1/thumb/v8-m.main/nofp\libcr_eabihelpers.a(float.o)
                0x0000bf56                __aeabi_fcmplt
 .text.__aeabi_fcmpgt
                0x0000bf90       0x3a C:/nxp/MCUXpressoIDE_24.12.148/ide/plugins/com.nxp.mcuxpresso.tools.win32_24.12.0.202407110909/tools/bin/../lib/gcc/arm-none-eabi/13.2.1/thumb/v8-m.main/nofp\libcr_eabihelpers.a(float.o)
                0x0000bf90                __aeabi_fcmpgt
 .text.__aeabi_fcmple
                0x0000bfca       0x3e C:/nxp/MCUXpressoIDE_24.12.148/ide/plugins/com.nxp.mcuxpresso.tools.win32_24.12.0.202407110909/tools/bin/../lib/gcc/arm-none-eabi/13.2.1/thumb/v8-m.main/nofp\libcr_eabihelpers.a(float.o)
                0x0000bfca                __aeabi_fcmple
 .text.__aeabi_memcpy
                0x0000c008       0x34 C:/nxp/MCUXpressoIDE_24.12.148/ide/plugins/com.nxp.mcuxpresso.tools.win32_24.12.0.202407110909/tools/bin/../lib/gcc/arm-none-eabi/13.2.1/thumb/v8-m.main/nofp\libcr_eabihelpers.a(memcpy.o)
                0x0000c008                __aeabi_memcpy
                0x0000c012                __aeabi_memcpy8
                0x0000c012                __aeabi_memcpy4
 .text.__aeabi_memset_lowlevel
                0x0000c03c       0x32 C:/nxp/MCUXpressoIDE_24.12.148/ide/plugins/com.nxp.mcuxpresso.tools.win32_24.12.0.202407110909/tools/bin/../lib/gcc/arm-none-eabi/13.2.1/thumb/v8-m.main/nofp\libcr_eabihelpers.a(memcpy.o)
                0x0000c03c                __aeabi_lowlevel_memset
 .text.__sys_close
                0x0000c06e        0xc C:/nxp/MCUXpressoIDE_24.12.148/ide/plugins/com.nxp.mcuxpresso.tools.win32_24.12.0.202407110909/tools/bin/../lib/gcc/arm-none-eabi/13.2.1/../../../../arm-none-eabi/lib/thumb/v8-m.main/nofp\libcr_semihost_nf.a(__sys_close.o)
                0x0000c06e                __sys_close
 .text.__sys_flen
                0x0000c07a        0xc C:/nxp/MCUXpressoIDE_24.12.148/ide/plugins/com.nxp.mcuxpresso.tools.win32_24.12.0.202407110909/tools/bin/../lib/gcc/arm-none-eabi/13.2.1/../../../../arm-none-eabi/lib/thumb/v8-m.main/nofp\libcr_semihost_nf.a(__sys_flen.o)
                0x0000c07a                __sys_flen
 .text.__sys_istty
                0x0000c086        0xc C:/nxp/MCUXpressoIDE_24.12.148/ide/plugins/com.nxp.mcuxpresso.tools.win32_24.12.0.202407110909/tools/bin/../lib/gcc/arm-none-eabi/13.2.1/../../../../arm-none-eabi/lib/thumb/v8-m.main/nofp\libcr_semihost_nf.a(__sys_istty.o)
                0x0000c086                __sys_istty
 .text.__sys_read
                0x0000c092        0xc C:/nxp/MCUXpressoIDE_24.12.148/ide/plugins/com.nxp.mcuxpresso.tools.win32_24.12.0.202407110909/tools/bin/../lib/gcc/arm-none-eabi/13.2.1/../../../../arm-none-eabi/lib/thumb/v8-m.main/nofp\libcr_semihost_nf.a(__sys_read.o)
                0x0000c092                __sys_read
 .text.__sys_remove
                0x0000c09e        0xc C:/nxp/MCUXpressoIDE_24.12.148/ide/plugins/com.nxp.mcuxpresso.tools.win32_24.12.0.202407110909/tools/bin/../lib/gcc/arm-none-eabi/13.2.1/../../../../arm-none-eabi/lib/thumb/v8-m.main/nofp\libcr_semihost_nf.a(__sys_remove.o)
                0x0000c09e                __sys_remove
 .text.__sys_seek
                0x0000c0aa        0xc C:/nxp/MCUXpressoIDE_24.12.148/ide/plugins/com.nxp.mcuxpresso.tools.win32_24.12.0.202407110909/tools/bin/../lib/gcc/arm-none-eabi/13.2.1/../../../../arm-none-eabi/lib/thumb/v8-m.main/nofp\libcr_semihost_nf.a(__sys_seek.o)
                0x0000c0aa                __sys_seek
 .text.__sys_tmpnam
                0x0000c0b6        0xc C:/nxp/MCUXpressoIDE_24.12.148/ide/plugins/com.nxp.mcuxpresso.tools.win32_24.12.0.202407110909/tools/bin/../lib/gcc/arm-none-eabi/13.2.1/../../../../arm-none-eabi/lib/thumb/v8-m.main/nofp\libcr_semihost_nf.a(__sys_tmpnam.o)
                0x0000c0b6                __sys_tmpnam
 *(SORT_BY_ALIGNMENT(.rodata) SORT_BY_ALIGNMENT(.rodata.*) SORT_BY_ALIGNMENT(.constdata) SORT_BY_ALIGNMENT(.constdata.*))
 *fill*         0x0000c0c2        0x6 ff
 .rodata.a.0    0x0000c0c8       0x20 C:/nxp/MCUXpressoIDE_24.12.148/ide/plugins/com.nxp.mcuxpresso.tools.win32_24.12.0.202407110909/tools/bin/../lib/gcc/arm-none-eabi/13.2.1/../../../../arm-none-eabi/lib/thumb/v8-m.main/nofp\libcr_c.a(atan.o)
 .rodata.create_name.str1.4
                0x0000c0e8      0x299 ./source/utils/sdCard/FatFs/ff.o
                                  0xf (size before relaxing)
 .rodata.check_fs.str1.4
                0x0000c381        0x9 ./source/utils/sdCard/FatFs/ff.o
 .rodata.ftoa.str1.4
                0x0000c381        0xb ./source/utils/sdCard/FatFs/ff.o
 .rodata.sdInit.str1.4
                0x0000c381       0x33 ./source/utils/sdCard/sdCard.o
 .rodata.sdWrite.str1.4
                0x0000c381       0x4f ./source/utils/sdCard/sdCard.o
 .rodata.sdSettings.str1.4
                0x0000c381        0x8 ./source/utils/sdCard/sdCard.o
 .rodata.sdReadSettings.str1.4
                0x0000c381        0x2 ./source/utils/sdCard/sdCard.o
 .rodata.sdLog.str1.4
                0x0000c381       0x1b ./source/utils/sdCard/sdCard.o
 .rodata.sdRead.str1.4
                0x0000c381        0x2 ./source/utils/sdCard/sdCard.o
 .rodata.updatePosition.str1.4
                0x0000c381        0x7 ./source/utils/gps/gps.o
 .rodata.parseNMEA.str1.4
                0x0000c381        0x2 ./source/utils/gps/gps.o
 .rodata.LCDupdate.str1.4
                0x0000c381       0x76 ./source/utils/flag.o
 .rodata.showArrow.str1.4
                0x0000c381       0x4d ./source/games/levelOne/levelOne.o
 .rodata.resetGame.str1.4
                0x0000c381       0x11 ./source/games/levelOne/levelOne.o
 .rodata.startCountdown.str1.4
                0x0000c381       0x25 ./source/games/levelOne/levelOne.o
 .rodata.winGame.str1.4
                0x0000c381       0x11 ./source/games/levelOne/levelOne.o
 .rodata.levelOne.str1.4
                0x0000c381       0x25 ./source/games/levelOne/levelOne.o
 .rodata.genPw.str1.4
                0x0000c381        0x6 ./source/games/levelFour/levelFour.o
 .rodata.main.str1.4
                0x0000c381       0x81 ./source/main.o
 *fill*         0x0000c381        0x3 ff
 .rodata.__num_Ciob_streams
                0x0000c384        0x4 C:/nxp/MCUXpressoIDE_24.12.148/ide/plugins/com.nxp.mcuxpresso.tools.win32_24.12.0.202407110909/tools/bin/../lib/gcc/arm-none-eabi/13.2.1/../../../../arm-none-eabi/lib/thumb/v8-m.main/nofp\libcr_semihost_nf.a(__ciob.o)
                0x0000c384                __num_Ciob_streams
 .rodata.fp_display.str1.1
                0x0000c388       0x87 C:/nxp/MCUXpressoIDE_24.12.148/ide/plugins/com.nxp.mcuxpresso.tools.win32_24.12.0.202407110909/tools/bin/../lib/gcc/arm-none-eabi/13.2.1/../../../../arm-none-eabi/lib/thumb/v8-m.main/nofp\libcr_c.a(fpprintf.o)
                                 0x35 (size before relaxing)
 .rodata._initio.str1.1
                0x0000c40f        0x4 C:/nxp/MCUXpressoIDE_24.12.148/ide/plugins/com.nxp.mcuxpresso.tools.win32_24.12.0.202407110909/tools/bin/../lib/gcc/arm-none-eabi/13.2.1/../../../../arm-none-eabi/lib/thumb/v8-m.main/nofp\libcr_c.a(initio.o)
 .rodata.__vfprintf.str1.1
                0x0000c40f       0x38 C:/nxp/MCUXpressoIDE_24.12.148/ide/plugins/com.nxp.mcuxpresso.tools.win32_24.12.0.202407110909/tools/bin/../lib/gcc/arm-none-eabi/13.2.1/../../../../arm-none-eabi/lib/thumb/v8-m.main/nofp\libcr_c.a(printf.o)
 .rodata.strtod.str1.1
                0x0000c40f        0x6 C:/nxp/MCUXpressoIDE_24.12.148/ide/plugins/com.nxp.mcuxpresso.tools.win32_24.12.0.202407110909/tools/bin/../lib/gcc/arm-none-eabi/13.2.1/../../../../arm-none-eabi/lib/thumb/v8-m.main/nofp\libcr_c.a(scanf.o)
 .rodata._Csys_alloc.str1.1
                0x0000c40f       0x18 C:/nxp/MCUXpressoIDE_24.12.148/ide/plugins/com.nxp.mcuxpresso.tools.win32_24.12.0.202407110909/tools/bin/../lib/gcc/arm-none-eabi/13.2.1/../../../../arm-none-eabi/lib/thumb/v8-m.main/nofp\libcr_c.a(alloc.o)
 .rodata.__ctype
                0x0000c40f      0x180 C:/nxp/MCUXpressoIDE_24.12.148/ide/plugins/com.nxp.mcuxpresso.tools.win32_24.12.0.202407110909/tools/bin/../lib/gcc/arm-none-eabi/13.2.1/../../../../arm-none-eabi/lib/thumb/v8-m.main/nofp\libcr_c.a(ctype.o)
                0x0000c40f                __ctype
                0x0000c590                        . = ALIGN (0x4)
 *fill*         0x0000c58f        0x1 ff

.glue_7         0x0000c590        0x0
 .glue_7        0x0000c590        0x0 linker stubs

.glue_7t        0x0000c590        0x0
 .glue_7t       0x0000c590        0x0 linker stubs

.vfp11_veneer   0x0000c590        0x0
 .vfp11_veneer  0x0000c590        0x0 linker stubs

.v4_bx          0x0000c590        0x0
 .v4_bx         0x0000c590        0x0 linker stubs

.iplt           0x0000c590        0x0
 .iplt          0x0000c590        0x0 ./startup/startup_mcxa153.o

.rel.dyn        0x0000c590        0x0
 .rel.iplt      0x0000c590        0x0 ./startup/startup_mcxa153.o

.ARM.extab
 *(SORT_BY_ALIGNMENT(.ARM.extab*) SORT_BY_ALIGNMENT(.gnu.linkonce.armextab.*))

.ARM.exidx      0x0000c590        0x0
                0x0000c590                        __exidx_start = .
 *(SORT_BY_ALIGNMENT(.ARM.exidx*) SORT_BY_ALIGNMENT(.gnu.linkonce.armexidx.*))
                0x0000c590                        __exidx_end = .
                0x0000c590                        _etext = .

.data_RAM2      0x04000000        0x0 load address 0x0000c590
 FILL mask 0xff
                [!provide]                        PROVIDE (__start_data_RAM2 = .)
                [!provide]                        PROVIDE (__start_data_SRAMX0 = .)
 *(SORT_BY_ALIGNMENT(.ramfunc.$RAM2))
 *(SORT_BY_ALIGNMENT(.ramfunc.$SRAMX0))
 *(SORT_BY_ALIGNMENT(.data.$RAM2))
 *(SORT_BY_ALIGNMENT(.data.$SRAMX0))
 *(SORT_BY_ALIGNMENT(.data.$RAM2.*))
 *(SORT_BY_ALIGNMENT(.data.$SRAMX0.*))
                0x04000000                        . = ALIGN (0x4)
                [!provide]                        PROVIDE (__end_data_RAM2 = .)
                [!provide]                        PROVIDE (__end_data_SRAMX0 = .)

.data_RAM3      0x04002000        0x0 load address 0x0000c590
 FILL mask 0xff
                [!provide]                        PROVIDE (__start_data_RAM3 = .)
                [!provide]                        PROVIDE (__start_data_SRAMX1 = .)
 *(SORT_BY_ALIGNMENT(.ramfunc.$RAM3))
 *(SORT_BY_ALIGNMENT(.ramfunc.$SRAMX1))
 *(SORT_BY_ALIGNMENT(.data.$RAM3))
 *(SORT_BY_ALIGNMENT(.data.$SRAMX1))
 *(SORT_BY_ALIGNMENT(.data.$RAM3.*))
 *(SORT_BY_ALIGNMENT(.data.$SRAMX1.*))
                0x04002000                        . = ALIGN (0x4)
                [!provide]                        PROVIDE (__end_data_RAM3 = .)
                [!provide]                        PROVIDE (__end_data_SRAMX1 = .)

.uninit_RESERVED
                0x20000000        0x0
                0x20000000                        _start_uninit_RESERVED = .
 *(SORT_BY_ALIGNMENT(.bss.$RESERVED*))
                0x20000000                        . = ALIGN (0x4)
                0x20000000                        _end_uninit_RESERVED = .

.data           0x20000000      0x1f4 load address 0x0000c590
 FILL mask 0xff
                0x20000000                        _data = .
                [!provide]                        PROVIDE (__start_data_RAM = .)
                [!provide]                        PROVIDE (__start_data_SRAM = .)
 *(SORT_BY_ALIGNMENT(vtable))
 *(SORT_BY_ALIGNMENT(.ramfunc*))
 *(SORT_BY_ALIGNMENT(CodeQuickAccess))
 *(SORT_BY_ALIGNMENT(DataQuickAccess))
 *(SORT_BY_ALIGNMENT(RamFunction))
 *(SORT_BY_ALIGNMENT(.data*))
 .data.u        0x20000000        0x4 ./source/utils/sdCard/sdCard.o
                0x20000000                u
 .data.Buckets  0x20000004       0xf0 ./source/utils/colourSensor/color_classifier.o
                0x20000004                Buckets
 .data.bucketCount
                0x200000f4        0x4 ./source/utils/colourSensor/color_classifier.o
                0x200000f4                bucketCount
 .data.interval
                0x200000f8        0x4 ./source/games/levelTwo/levelTwo.o
                0x200000f8                interval
 .data.countdownTime
                0x200000fc        0x4 ./source/games/levelOne/levelOne.o
                0x200000fc                countdownTime
 .data.neginf.0
                0x20000100        0x4 C:/nxp/MCUXpressoIDE_24.12.148/ide/plugins/com.nxp.mcuxpresso.tools.win32_24.12.0.202407110909/tools/bin/../lib/gcc/arm-none-eabi/13.2.1/../../../../arm-none-eabi/lib/thumb/v8-m.main/nofp\libcr_c.a(scanf.o)
 .data.posinf.1
                0x20000104        0x4 C:/nxp/MCUXpressoIDE_24.12.148/ide/plugins/com.nxp.mcuxpresso.tools.win32_24.12.0.202407110909/tools/bin/../lib/gcc/arm-none-eabi/13.2.1/../../../../arm-none-eabi/lib/thumb/v8-m.main/nofp\libcr_c.a(scanf.o)
 .data._random_k
                0x20000108        0x4 C:/nxp/MCUXpressoIDE_24.12.148/ide/plugins/com.nxp.mcuxpresso.tools.win32_24.12.0.202407110909/tools/bin/../lib/gcc/arm-none-eabi/13.2.1/../../../../arm-none-eabi/lib/thumb/v8-m.main/nofp\libcr_c.a(stdlib.o)
 .data._random_j
                0x2000010c        0x4 C:/nxp/MCUXpressoIDE_24.12.148/ide/plugins/com.nxp.mcuxpresso.tools.win32_24.12.0.202407110909/tools/bin/../lib/gcc/arm-none-eabi/13.2.1/../../../../arm-none-eabi/lib/thumb/v8-m.main/nofp\libcr_c.a(stdlib.o)
 .data._random_number_seed
                0x20000110       0xdc C:/nxp/MCUXpressoIDE_24.12.148/ide/plugins/com.nxp.mcuxpresso.tools.win32_24.12.0.202407110909/tools/bin/../lib/gcc/arm-none-eabi/13.2.1/../../../../arm-none-eabi/lib/thumb/v8-m.main/nofp\libcr_c.a(stdlib.o)
 .data.Stat     0x200001ec        0x1 ./source/utils/sdCard/FatFs/sdmm.o
 .data.gameActive
                0x200001ed        0x1 ./source/games/levelOne/levelOne.o
                0x200001ed                gameActive
 .data.stickInNeutral
                0x200001ee        0x1 ./source/games/levelOne/levelOne.o
                0x200001ee                stickInNeutral
 .data.currentArrow
                0x200001ef        0x1 ./source/games/levelOne/levelOne.o
                0x200001ef                currentArrow
 .data.move     0x200001f0        0x1 ./source/games/levelFour/levelFour.o
                0x200001f0                move
 .data.stickNeutral
                0x200001f1        0x1 ./source/games/levelFour/levelFour.o
                0x200001f1                stickNeutral
                0x200001f4                        . = ALIGN (0x4)
 *fill*         0x200001f2        0x2 ff
                0x200001f4                        _edata = .
                [!provide]                        PROVIDE (__end_data_RAM = .)
                [!provide]                        PROVIDE (__end_data_SRAM = .)

.igot.plt       0x200001f4        0x0 load address 0x0000c784
 .igot.plt      0x200001f4        0x0 ./startup/startup_mcxa153.o

.bss_RAM2       0x04000000        0x0
                [!provide]                        PROVIDE (__start_bss_RAM2 = .)
                [!provide]                        PROVIDE (__start_bss_SRAMX0 = .)
 *(SORT_BY_ALIGNMENT(.bss.$RAM2))
 *(SORT_BY_ALIGNMENT(.bss.$SRAMX0))
 *(SORT_BY_ALIGNMENT(.bss.$RAM2.*))
 *(SORT_BY_ALIGNMENT(.bss.$SRAMX0.*))
                0x04000000                        . = ALIGN ((. != 0x0)?0x4:0x1)
                [!provide]                        PROVIDE (__end_bss_RAM2 = .)
                [!provide]                        PROVIDE (__end_bss_SRAMX0 = .)

.bss_RAM3       0x04002000        0x0
                [!provide]                        PROVIDE (__start_bss_RAM3 = .)
                [!provide]                        PROVIDE (__start_bss_SRAMX1 = .)
 *(SORT_BY_ALIGNMENT(.bss.$RAM3))
 *(SORT_BY_ALIGNMENT(.bss.$SRAMX1))
 *(SORT_BY_ALIGNMENT(.bss.$RAM3.*))
 *(SORT_BY_ALIGNMENT(.bss.$SRAMX1.*))
                0x04002000                        . = ALIGN ((. != 0x0)?0x4:0x1)
                [!provide]                        PROVIDE (__end_bss_RAM3 = .)
                [!provide]                        PROVIDE (__end_bss_SRAMX1 = .)

.bss            0x200001f4      0x750
                0x200001f4                        _bss = .
                [!provide]                        PROVIDE (__start_bss_RAM = .)
                [!provide]                        PROVIDE (__start_bss_SRAM = .)
 *(SORT_BY_ALIGNMENT(.bss*))
 .bss.FatFs     0x200001f4        0x4 ./source/utils/sdCard/FatFs/ff.o
 .bss.FatFs     0x200001f8      0x234 ./source/utils/sdCard/sdCard.o
                0x200001f8                FatFs
 .bss.Fil       0x2000042c       0x28 ./source/utils/sdCard/sdCard.o
                0x2000042c                Fil
 .bss.bw        0x20000454        0x4 ./source/utils/sdCard/sdCard.o
                0x20000454                bw
 .bss.br        0x20000458        0x4 ./source/utils/sdCard/sdCard.o
                0x20000458                br
 .bss.joystick_sw_press_count
                0x2000045c        0x4 ./source/utils/joystick/joystick.o
 .bss.fix       0x20000460        0x4 ./source/utils/gps/gps.o
                0x20000460                fix
 .bss.buffer    0x20000464       0x80 ./source/utils/gps/gps.o
                0x20000464                buffer
 .bss.targetCoordinates
                0x200004e4        0xc ./source/utils/gps/gps.o
                0x200004e4                targetCoordinates
 .bss.testCoordinates
                0x200004f0        0xc ./source/utils/gps/gps.o
                0x200004f0                testCoordinates
 .bss.boxCoordinates
                0x200004fc        0xc ./source/utils/gps/gps.o
                0x200004fc                boxCoordinates
 .bss.tx        0x20000508       0x18 ./source/utils/comProtocols/Lpuart/lpuart0_interrupt.o
 .bss.rx        0x20000520       0x18 ./source/utils/comProtocols/Lpuart/lpuart0_interrupt.o
 .bss.tx_buffer
                0x20000538       0x80 ./source/utils/comProtocols/Lpuart/lpuart0_interrupt.o
 .bss.rx_buffer
                0x200005b8       0x80 ./source/utils/comProtocols/Lpuart/lpuart0_interrupt.o
 .bss.tx        0x20000638       0x18 ./source/utils/comProtocols/Lpuart/lpuart2_interrupt.o
 .bss.rx        0x20000650       0x18 ./source/utils/comProtocols/Lpuart/lpuart2_interrupt.o
 .bss.tx_buffer
                0x20000668       0x80 ./source/utils/comProtocols/Lpuart/lpuart2_interrupt.o
 .bss.rx_buffer
                0x200006e8       0x80 ./source/utils/comProtocols/Lpuart/lpuart2_interrupt.o
 .bss.tx        0x20000768       0x18 ./source/utils/comProtocols/Lpi2c/lpi2c0_controller_interrupt.o
 .bss.rx        0x20000780       0x18 ./source/utils/comProtocols/Lpi2c/lpi2c0_controller_interrupt.o
 .bss.tx_buffer
                0x20000798       0x40 ./source/utils/comProtocols/Lpi2c/lpi2c0_controller_interrupt.o
 .bss.rx_buffer
                0x200007d8       0x40 ./source/utils/comProtocols/Lpi2c/lpi2c0_controller_interrupt.o
 .bss.sample.0  0x20000818        0xc ./source/utils/colourSensor/color_classifier.o
 .bss.levelFlag
                0x20000824        0x4 ./source/utils/flag.o
                0x20000824                levelFlag
 .bss.LCDflag   0x20000828        0x4 ./source/utils/flag.o
                0x20000828                LCDflag
 .bss.won       0x2000082c        0x4 ./source/utils/timer.o
                0x2000082c                won
 .bss.ms        0x20000830        0x4 ./source/utils/timer.o
                0x20000830                ms
 .bss.color     0x20000834        0x4 ./source/games/levelTwo/levelTwo.o
                0x20000834                color
 .bss.currentMs
                0x20000838        0x4 ./source/games/levelTwo/levelTwo.o
                0x20000838                currentMs
 .bss.prevMs    0x2000083c        0x4 ./source/games/levelTwo/levelTwo.o
                0x2000083c                prevMs
 .bss.redCnt    0x20000840        0x4 ./source/games/levelTwo/levelTwo.o
                0x20000840                redCnt
 .bss.blueCnt   0x20000844        0x4 ./source/games/levelTwo/levelTwo.o
                0x20000844                blueCnt
 .bss.cnt1      0x20000848        0x4 ./source/games/levelThree/levelThree.o
                0x20000848                cnt1
 .bss.score     0x2000084c        0x4 ./source/games/levelOne/levelOne.o
                0x2000084c                score
 .bss.pw        0x20000850       0x10 ./source/games/levelFour/levelFour.o
                0x20000850                pw
 .bss.buf       0x20000860        0x5 ./source/games/levelFour/levelFour.o
                0x20000860                buf
 *fill*         0x20000865        0x3 
 .bss.passwordCnt
                0x20000868        0x4 ./source/games/levelFour/levelFour.o
                0x20000868                passwordCnt
 .bss.d         0x2000086c        0x4 ./source/games/gpsGame/gpsGame.o
                0x2000086c                d
 .bss.b         0x20000870        0x4 ./source/games/gpsGame/gpsGame.o
                0x20000870                b
 .bss.firstTime
                0x20000874        0x4 ./source/main.o
                0x20000874                firstTime
 .bss.errno     0x20000878        0x4 C:/nxp/MCUXpressoIDE_24.12.148/ide/plugins/com.nxp.mcuxpresso.tools.win32_24.12.0.202407110909/tools/bin/../lib/gcc/arm-none-eabi/13.2.1/../../../../arm-none-eabi/lib/thumb/v8-m.main/nofp\libcr_c.a(errno.o)
                0x20000878                errno
 .bss.__end_of_heap
                0x2000087c        0x4 C:/nxp/MCUXpressoIDE_24.12.148/ide/plugins/com.nxp.mcuxpresso.tools.win32_24.12.0.202407110909/tools/bin/../lib/gcc/arm-none-eabi/13.2.1/../../../../arm-none-eabi/lib/thumb/v8-m.main/nofp\libcr_c.a(__init_alloc.o)
                0x2000087c                __end_of_heap
 .bss.__heaps   0x20000880        0x4 C:/nxp/MCUXpressoIDE_24.12.148/ide/plugins/com.nxp.mcuxpresso.tools.win32_24.12.0.202407110909/tools/bin/../lib/gcc/arm-none-eabi/13.2.1/../../../../arm-none-eabi/lib/thumb/v8-m.main/nofp\libcr_c.a(__init_alloc.o)
                0x20000880                __heaps
 .bss.__Ciob    0x20000884       0xb4 C:/nxp/MCUXpressoIDE_24.12.148/ide/plugins/com.nxp.mcuxpresso.tools.win32_24.12.0.202407110909/tools/bin/../lib/gcc/arm-none-eabi/13.2.1/../../../../arm-none-eabi/lib/thumb/v8-m.main/nofp\libcr_semihost_nf.a(__ciob.o)
                0x20000884                __Ciob
 .bss.Fsid      0x20000938        0x2 ./source/utils/sdCard/FatFs/ff.o
 .bss.CurrVol   0x2000093a        0x1 ./source/utils/sdCard/FatFs/ff.o