../source/games/levelOne/levelOne.c:28:6:init_hardware	8	static
../source/games/levelOne/levelOne.c:33:11:getJoystickDirection	16	static
../source/games/levelOne/levelOne.c:45:6:showArrow	32	static
../source/games/levelOne/levelOne.c:61:6:generateNewArrow	8	static
../source/games/levelOne/levelOne.c:68:6:resetGame	8	static
../source/games/levelOne/levelOne.c:86:6:startCountdown	16	static
../source/games/levelOne/levelOne.c:117:6:increaseScore	4	static
../source/games/levelOne/levelOne.c:123:6:winGame	8	static
../source/games/levelOne/levelOne.c:140:6:levelOne	16	static
